
Discarded input sections

 .group         0x00000000        0x8 middleware/main.o
 .note.GNU-stack
                0x00000000        0x0 middleware/main.o
 .group         0x00000000        0x8 middleware/init.o
 .text.__x86.get_pc_thunk.bx
                0x00000000        0x4 middleware/init.o
 .note.GNU-stack
                0x00000000        0x0 middleware/init.o
 .group         0x00000000        0x8 middleware/ccos_print.o
 .group         0x00000000        0x8 middleware/ccos_print.o
 .text.__x86.get_pc_thunk.bx
                0x00000000        0x4 middleware/ccos_print.o
 .note.GNU-stack
                0x00000000        0x0 middleware/ccos_print.o
 .group         0x00000000        0x8 middleware/pci.o
 .group         0x00000000        0x8 middleware/pci.o
 .text.__x86.get_pc_thunk.ax
                0x00000000        0x4 middleware/pci.o
 .text.__x86.get_pc_thunk.bx
                0x00000000        0x4 middleware/pci.o
 .note.GNU-stack
                0x00000000        0x0 middleware/pci.o
 .group         0x00000000        0x8 middleware/interrupt.o
 .group         0x00000000        0x8 middleware/interrupt.o
 .text.__x86.get_pc_thunk.ax
                0x00000000        0x4 middleware/interrupt.o
 .text.__x86.get_pc_thunk.bx
                0x00000000        0x4 middleware/interrupt.o
 .note.GNU-stack
                0x00000000        0x0 middleware/interrupt.o
 .group         0x00000000        0x8 middleware/timer.o
 .group         0x00000000        0x8 middleware/timer.o
 .text.__x86.get_pc_thunk.ax
                0x00000000        0x4 middleware/timer.o
 .text.__x86.get_pc_thunk.bx
                0x00000000        0x4 middleware/timer.o
 .note.GNU-stack
                0x00000000        0x0 middleware/timer.o
 .group         0x00000000        0x8 middleware/kernel_assert.o
 .text.__x86.get_pc_thunk.bx
                0x00000000        0x4 middleware/kernel_assert.o
 .note.GNU-stack
                0x00000000        0x0 middleware/kernel_assert.o

Memory Configuration

Name             Origin             Length             Attributes
*default*        0x00000000         0xffffffff

Linker script and memory map

Address of section .text set to 0xc0001500
LOAD middleware/main.o
LOAD middleware/init.o
LOAD middleware/ccos_print.o
LOAD middleware/_ccos_print.o
LOAD middleware/_interrupt_asm.o
LOAD middleware/pci.o
LOAD middleware/interrupt.o
LOAD middleware/timer.o
LOAD middleware/kernel_assert.o
                [!provide]                        PROVIDE (__executable_start = SEGMENT_START ("text-segment", 0x8048000))
                0x080480f4                        . = (SEGMENT_START ("text-segment", 0x8048000) + SIZEOF_HEADERS)

.interp
 *(.interp)

.note.gnu.build-id
 *(.note.gnu.build-id)

.hash
 *(.hash)

.gnu.hash
 *(.gnu.hash)

.dynsym
 *(.dynsym)

.dynstr
 *(.dynstr)

.gnu.version
 *(.gnu.version)

.gnu.version_d
 *(.gnu.version_d)

.gnu.version_r
 *(.gnu.version_r)

.rel.dyn        0x080480f4        0x0
 *(.rel.init)
 *(.rel.text .rel.text.* .rel.gnu.linkonce.t.*)
 *(.rel.fini)
 *(.rel.rodata .rel.rodata.* .rel.gnu.linkonce.r.*)
 *(.rel.data.rel.ro .rel.data.rel.ro.* .rel.gnu.linkonce.d.rel.ro.*)
 *(.rel.data .rel.data.* .rel.gnu.linkonce.d.*)
 *(.rel.tdata .rel.tdata.* .rel.gnu.linkonce.td.*)
 *(.rel.tbss .rel.tbss.* .rel.gnu.linkonce.tb.*)
 *(.rel.ctors)
 *(.rel.dtors)
 *(.rel.got)
 .rel.got       0x080480f4        0x0 middleware/main.o
 *(.rel.bss .rel.bss.* .rel.gnu.linkonce.b.*)
 *(.rel.ifunc)

.rel.plt        0x080480f4        0x0
 *(.rel.plt)
                [!provide]                        PROVIDE (__rel_iplt_start = .)
 *(.rel.iplt)
 .rel.iplt      0x080480f4        0x0 middleware/main.o
                [!provide]                        PROVIDE (__rel_iplt_end = .)

.relr.dyn
 *(.relr.dyn)
                0x08049000                        . = ALIGN (CONSTANT (MAXPAGESIZE))

.init
 *(SORT_NONE(.init))

.plt            0x08049000        0x0
 *(.plt)
 *(.iplt)
 .iplt          0x08049000        0x0 middleware/main.o

.plt.got
 *(.plt.got)

.plt.sec
 *(.plt.sec)

.text           0xc0001500      0xd8c
 *(.text.unlikely .text.*_unlikely .text.unlikely.*)
 *(.text.exit .text.exit.*)
 *(.text.startup .text.startup.*)
 *(.text.hot .text.hot.*)
 *(SORT_BY_NAME(.text.sorted.*))
 *(.text .stub .text.* .gnu.linkonce.t.*)
 .text          0xc0001500       0x41 middleware/main.o
                0xc0001500                main
 .text.__x86.get_pc_thunk.bx
                0xc0001541        0x4 middleware/main.o
                0xc0001541                __x86.get_pc_thunk.bx
 .text          0xc0001545       0x55 middleware/init.o
                0xc0001545                init_all
 .text          0xc000159a      0x115 middleware/ccos_print.o
                0xc000159a                ccos_set_console_cursor
                0xc0001632                verbose_ccputchar
                0xc0001661                verbose_ccputs
                0xc0001688                verbose_ccint
 .text.__x86.get_pc_thunk.ax
                0xc00016af        0x4 middleware/ccos_print.o
                0xc00016af                __x86.get_pc_thunk.ax
 *fill*         0xc00016b3        0xd 
 .text          0xc00016c0      0x1dd middleware/_ccos_print.o
                0xc00016c0                __ccos_putchar
                0xc000179d                ccos_puts
                0xc00017bb                __ccos_display_int
                0xc000181e                __ccos_set_console_cursor
                0xc0001850                set_console_color
                0xc000185e                clean_screen
 *fill*         0xc000189d        0x3 
 .text          0xc00018a0      0x393 middleware/_interrupt_asm.o
                0xc00018a0                intr_exit
 .text          0xc0001c33      0x110 middleware/pci.o
                0xc0001c5c                pci_init
 .text          0xc0001d43      0x2f2 middleware/interrupt.o
                0xc0001f4e                init_idt
                0xc0001fc5                get_intr_status
                0xc0001fec                set_intr_status
 .text          0xc0002035      0x112 middleware/timer.o
                0xc00020f3                init_system_timer
 .text          0xc0002147      0x145 middleware/kernel_assert.o
                0xc0002147                kernel_panic_spin
 *(.gnu.warning)

.fini
 *(SORT_NONE(.fini))
                [!provide]                        PROVIDE (__etext = .)
                [!provide]                        PROVIDE (_etext = .)
                [!provide]                        PROVIDE (etext = .)
                0xc0003000                        . = ALIGN (CONSTANT (MAXPAGESIZE))
                0xc0003000                        . = SEGMENT_START ("rodata-segment", (ALIGN (CONSTANT (MAXPAGESIZE)) + (. & (CONSTANT (MAXPAGESIZE) - 0x1))))

.rodata         0xc0003000      0x480
 *(.rodata .rodata.* .gnu.linkonce.r.*)
 .rodata        0xc0003000       0x1d middleware/main.o
 *fill*         0xc000301d        0x3 
 .rodata        0xc0003020       0x3b middleware/init.o
 .rodata        0xc000305b       0x32 middleware/pci.o
 *fill*         0xc000308d        0x3 
 .rodata        0xc0003090      0x2ce middleware/interrupt.o
 .rodata        0xc000335e       0x34 middleware/timer.o
 *fill*         0xc0003392        0x2 
 .rodata        0xc0003394       0xec middleware/kernel_assert.o

.rodata1
 *(.rodata1)

.eh_frame_hdr
 *(.eh_frame_hdr)
 *(.eh_frame_entry .eh_frame_entry.*)

.eh_frame       0xc0003480      0x358
 *(.eh_frame)
 .eh_frame      0xc0003480       0x54 middleware/main.o
 .eh_frame      0xc00034d4       0x24 middleware/init.o
                                 0x50 (size before relaxing)
 .eh_frame      0xc00034f8       0xa4 middleware/ccos_print.o
                                 0xd0 (size before relaxing)
 .eh_frame      0xc000359c       0x44 middleware/pci.o
                                 0x84 (size before relaxing)
 .eh_frame      0xc00035e0      0x16c middleware/interrupt.o
                                0x1ac (size before relaxing)
 .eh_frame      0xc000374c       0x70 middleware/timer.o
                                 0xb0 (size before relaxing)
 .eh_frame      0xc00037bc       0x1c middleware/kernel_assert.o
                                 0x48 (size before relaxing)
 *(.eh_frame.*)

.sframe
 *(.sframe)
 *(.sframe.*)

.gcc_except_table
 *(.gcc_except_table .gcc_except_table.*)

.gnu_extab
 *(.gnu_extab*)

.exception_ranges
 *(.exception_ranges*)
                0xc0004ff4                        . = DATA_SEGMENT_ALIGN (CONSTANT (MAXPAGESIZE), CONSTANT (COMMONPAGESIZE))

.eh_frame
 *(.eh_frame)
 *(.eh_frame.*)

.sframe
 *(.sframe)
 *(.sframe.*)

.gnu_extab
 *(.gnu_extab)

.gcc_except_table
 *(.gcc_except_table .gcc_except_table.*)

.exception_ranges
 *(.exception_ranges*)

.tdata          0xc0004ff4        0x0
                [!provide]                        PROVIDE (__tdata_start = .)
 *(.tdata .tdata.* .gnu.linkonce.td.*)

.tbss
 *(.tbss .tbss.* .gnu.linkonce.tb.*)
 *(.tcommon)

.preinit_array  0xc0004ff4        0x0
                [!provide]                        PROVIDE (__preinit_array_start = .)
 *(.preinit_array)
                [!provide]                        PROVIDE (__preinit_array_end = .)

.init_array     0xc0004ff4        0x0
                [!provide]                        PROVIDE (__init_array_start = .)
 *(SORT_BY_INIT_PRIORITY(.init_array.*) SORT_BY_INIT_PRIORITY(.ctors.*))
 *(.init_array EXCLUDE_FILE(*crtend?.o *crtend.o *crtbegin?.o *crtbegin.o) .ctors)
                [!provide]                        PROVIDE (__init_array_end = .)

.fini_array     0xc0004ff4        0x0
                [!provide]                        PROVIDE (__fini_array_start = .)
 *(SORT_BY_INIT_PRIORITY(.fini_array.*) SORT_BY_INIT_PRIORITY(.dtors.*))
 *(.fini_array EXCLUDE_FILE(*crtend?.o *crtend.o *crtbegin?.o *crtbegin.o) .dtors)
                [!provide]                        PROVIDE (__fini_array_end = .)

.ctors
 *crtbegin.o(.ctors)
 *crtbegin?.o(.ctors)
 *(EXCLUDE_FILE(*crtend?.o *crtend.o) .ctors)
 *(SORT_BY_NAME(.ctors.*))
 *(.ctors)

.dtors
 *crtbegin.o(.dtors)
 *crtbegin?.o(.dtors)
 *(EXCLUDE_FILE(*crtend?.o *crtend.o) .dtors)
 *(SORT_BY_NAME(.dtors.*))
 *(.dtors)

.jcr
 *(.jcr)

.data.rel.ro
 *(.data.rel.ro.local* .gnu.linkonce.d.rel.ro.local.*)
 *(.data.rel.ro .data.rel.ro.* .gnu.linkonce.d.rel.ro.*)

.dynamic
 *(.dynamic)

.got            0xc0004ff4        0x0
 *(.got)
 .got           0xc0004ff4        0x0 middleware/main.o
 *(.igot)
                0xc0004ff4                        . = DATA_SEGMENT_RELRO_END (., (SIZEOF (.got.plt) >= 0xc)?0xc:0x0)

.got.plt        0xc0004ff4        0xc
 *(.got.plt)
 .got.plt       0xc0004ff4        0xc middleware/main.o
                0xc0004ff4                _GLOBAL_OFFSET_TABLE_
 *(.igot.plt)
 .igot.plt      0xc0005000        0x0 middleware/main.o

.data           0xc0005000       0xf0
 *(.data .data.* .gnu.linkonce.d.*)
 .data          0xc0005000        0x0 middleware/main.o
 .data          0xc0005000        0x0 middleware/init.o
 .data          0xc0005000        0x0 middleware/ccos_print.o
 .data          0xc0005000        0x9 middleware/_ccos_print.o
                0xc0005008                __ccos_internal_style_sheet
 *fill*         0xc0005009        0x3 
 .data          0xc000500c       0x84 middleware/_interrupt_asm.o
                0xc000500c                asm_intr_vector_table
 .data          0xc0005090        0x0 middleware/pci.o
 .data          0xc0005090        0x0 middleware/interrupt.o
 *fill*         0xc0005090       0x10 
 .data.rel.local
                0xc00050a0       0x50 middleware/interrupt.o
 .data          0xc00050f0        0x0 middleware/timer.o
 .data          0xc00050f0        0x0 middleware/kernel_assert.o

.data1
 *(.data1)
                0xc00050f0                        _edata = .
                [!provide]                        PROVIDE (edata = .)
                0xc00050f0                        . = ALIGN (ALIGNOF (NEXT_SECTION))
                0xc0005100                        __bss_start = .

.bss            0xc0005100      0x24c
 *(.dynbss)
 *(.bss .bss.* .gnu.linkonce.b.*)
 .bss           0xc0005100        0x0 middleware/main.o
 .bss           0xc0005100        0x0 middleware/init.o
 .bss           0xc0005100        0x0 middleware/ccos_print.o
 .bss           0xc0005100        0x0 middleware/pci.o
 .bss           0xc0005100      0x248 middleware/interrupt.o
                0xc0005100                internal_exception_callback
 .bss           0xc0005348        0x4 middleware/timer.o
                0xc0005348                ticks
 .bss           0xc000534c        0x0 middleware/kernel_assert.o
 *(COMMON)
                0xc000534c                        . = ALIGN ((. != 0x0)?0x4:0x1)
                0xc000534c                        . = ALIGN (0x4)
                0xc000534c                        . = SEGMENT_START ("ldata-segment", .)
                0xc000534c                        . = ALIGN (0x4)
                0xc000534c                        _end = .
                [!provide]                        PROVIDE (end = .)
                0xc000534c                        . = DATA_SEGMENT_END (.)

.stab
 *(.stab)

.stabstr
 *(.stabstr)

.stab.excl
 *(.stab.excl)

.stab.exclstr
 *(.stab.exclstr)

.stab.index
 *(.stab.index)

.stab.indexstr
 *(.stab.indexstr)

.comment        0x00000000       0x2b
 *(.comment)
 .comment       0x00000000       0x2b middleware/main.o
                                 0x2c (size before relaxing)
 .comment       0x0000002b       0x2c middleware/init.o
 .comment       0x0000002b       0x2c middleware/ccos_print.o
 .comment       0x0000002b       0x2c middleware/pci.o
 .comment       0x0000002b       0x2c middleware/interrupt.o
 .comment       0x0000002b       0x2c middleware/timer.o
 .comment       0x0000002b       0x2c middleware/kernel_assert.o

.gnu.build.attributes
 *(.gnu.build.attributes .gnu.build.attributes.*)

.debug
 *(.debug)

.line
 *(.line)

.debug_srcinfo
 *(.debug_srcinfo)

.debug_sfnames
 *(.debug_sfnames)

.debug_aranges
 *(.debug_aranges)

.debug_pubnames
 *(.debug_pubnames)

.debug_info
 *(.debug_info .gnu.linkonce.wi.*)

.debug_abbrev
 *(.debug_abbrev)

.debug_line
 *(.debug_line .debug_line.* .debug_line_end)

.debug_frame
 *(.debug_frame)

.debug_str
 *(.debug_str)

.debug_loc
 *(.debug_loc)

.debug_macinfo
 *(.debug_macinfo)

.debug_weaknames
 *(.debug_weaknames)

.debug_funcnames
 *(.debug_funcnames)

.debug_typenames
 *(.debug_typenames)

.debug_varnames
 *(.debug_varnames)

.debug_pubtypes
 *(.debug_pubtypes)

.debug_ranges
 *(.debug_ranges)

.debug_addr
 *(.debug_addr)

.debug_line_str
 *(.debug_line_str)

.debug_loclists
 *(.debug_loclists)

.debug_macro
 *(.debug_macro)

.debug_names
 *(.debug_names)

.debug_rnglists
 *(.debug_rnglists)

.debug_str_offsets
 *(.debug_str_offsets)

.debug_sup
 *(.debug_sup)

.gnu.attributes
 *(.gnu.attributes)

/DISCARD/
 *(.note.GNU-stack)
 *(.gnu_debuglink)
 *(.gnu.lto_*)
OUTPUT(middleware/kernel.bin elf32-i386)
