
Discarded input sections

 .group         0x00000000        0x8 build/main.o
 .note.GNU-stack
                0x00000000        0x0 build/main.o
 .group         0x00000000        0x8 build/init.o
 .text.__x86.get_pc_thunk.bx
                0x00000000        0x4 build/init.o
 .note.GNU-stack
                0x00000000        0x0 build/init.o
 .group         0x00000000        0x8 build/interrupt.o
 .group         0x00000000        0x8 build/interrupt.o
 .text.__x86.get_pc_thunk.bx
                0x00000000        0x4 build/interrupt.o
 .note.GNU-stack
                0x00000000        0x0 build/interrupt.o
 .group         0x00000000        0x8 build/timer.o
 .group         0x00000000        0x8 build/timer.o
 .group         0x00000000        0x8 build/timer.o
 .text.__x86.get_pc_thunk.ax
                0x00000000        0x4 build/timer.o
 .text.__x86.get_pc_thunk.bx
                0x00000000        0x4 build/timer.o
 .note.GNU-stack
                0x00000000        0x0 build/timer.o
 .group         0x00000000        0x8 build/debug.o
 .text.__x86.get_pc_thunk.bx
                0x00000000        0x4 build/debug.o
 .note.GNU-stack
                0x00000000        0x0 build/debug.o
 .group         0x00000000        0x8 build/memory.o
 .group         0x00000000        0x8 build/memory.o
 .text.__x86.get_pc_thunk.ax
                0x00000000        0x4 build/memory.o
 .text.__x86.get_pc_thunk.bx
                0x00000000        0x4 build/memory.o
 .note.GNU-stack
                0x00000000        0x0 build/memory.o
 .group         0x00000000        0x8 build/bitmap.o
 .text.__x86.get_pc_thunk.ax
                0x00000000        0x4 build/bitmap.o
 .note.GNU-stack
                0x00000000        0x0 build/bitmap.o
 .group         0x00000000        0x8 build/string.o
 .text.__x86.get_pc_thunk.ax
                0x00000000        0x4 build/string.o
 .note.GNU-stack
                0x00000000        0x0 build/string.o
 .group         0x00000000        0x8 build/thread.o
 .group         0x00000000        0x8 build/thread.o
 .group         0x00000000        0x8 build/thread.o
 .text.__x86.get_pc_thunk.ax
                0x00000000        0x4 build/thread.o
 .text.__x86.get_pc_thunk.bx
                0x00000000        0x4 build/thread.o
 .note.GNU-stack
                0x00000000        0x0 build/thread.o
 .group         0x00000000        0x8 build/list.o
 .group         0x00000000        0x8 build/list.o
 .text.__x86.get_pc_thunk.ax
                0x00000000        0x4 build/list.o
 .text.__x86.get_pc_thunk.bx
                0x00000000        0x4 build/list.o
 .note.GNU-stack
                0x00000000        0x0 build/list.o
 .group         0x00000000        0x8 build/console.o
 .group         0x00000000        0x8 build/console.o
 .text.__x86.get_pc_thunk.ax
                0x00000000        0x4 build/console.o
 .text.__x86.get_pc_thunk.bx
                0x00000000        0x4 build/console.o
 .note.GNU-stack
                0x00000000        0x0 build/console.o
 .group         0x00000000        0x8 build/sync.o
 .group         0x00000000        0x8 build/sync.o
 .text.__x86.get_pc_thunk.ax
                0x00000000        0x4 build/sync.o
 .text.__x86.get_pc_thunk.bx
                0x00000000        0x4 build/sync.o
 .note.GNU-stack
                0x00000000        0x0 build/sync.o
 .group         0x00000000        0x8 build/keyboard.o
 .group         0x00000000        0x8 build/keyboard.o
 .text.__x86.get_pc_thunk.ax
                0x00000000        0x4 build/keyboard.o
 .text.__x86.get_pc_thunk.bx
                0x00000000        0x4 build/keyboard.o
 .note.GNU-stack
                0x00000000        0x0 build/keyboard.o
 .group         0x00000000        0x8 build/ioqueue.o
 .group         0x00000000        0x8 build/ioqueue.o
 .text.__x86.get_pc_thunk.ax
                0x00000000        0x4 build/ioqueue.o
 .text.__x86.get_pc_thunk.bx
                0x00000000        0x4 build/ioqueue.o
 .note.GNU-stack
                0x00000000        0x0 build/ioqueue.o
 .group         0x00000000        0x8 build/tss.o
 .group         0x00000000        0x8 build/tss.o
 .text.__x86.get_pc_thunk.ax
                0x00000000        0x4 build/tss.o
 .text.__x86.get_pc_thunk.bx
                0x00000000        0x4 build/tss.o
 .note.GNU-stack
                0x00000000        0x0 build/tss.o
 .group         0x00000000        0x8 build/process.o
 .group         0x00000000        0x8 build/process.o
 .text.__x86.get_pc_thunk.ax
                0x00000000        0x4 build/process.o
 .text.__x86.get_pc_thunk.bx
                0x00000000        0x4 build/process.o
 .note.GNU-stack
                0x00000000        0x0 build/process.o
 .group         0x00000000        0x8 build/syscall.o
 .text.__x86.get_pc_thunk.ax
                0x00000000        0x4 build/syscall.o
 .note.GNU-stack
                0x00000000        0x0 build/syscall.o
 .group         0x00000000        0x8 build/syscall-init.o
 .group         0x00000000        0x8 build/syscall-init.o
 .text.__x86.get_pc_thunk.ax
                0x00000000        0x4 build/syscall-init.o
 .text.__x86.get_pc_thunk.bx
                0x00000000        0x4 build/syscall-init.o
 .note.GNU-stack
                0x00000000        0x0 build/syscall-init.o
 .group         0x00000000        0x8 build/stdio.o
 .group         0x00000000        0x8 build/stdio.o
 .text.__x86.get_pc_thunk.ax
                0x00000000        0x4 build/stdio.o
 .text.__x86.get_pc_thunk.bx
                0x00000000        0x4 build/stdio.o
 .note.GNU-stack
                0x00000000        0x0 build/stdio.o
 .group         0x00000000        0x8 build/ide.o
 .group         0x00000000        0x8 build/ide.o
 .text.__x86.get_pc_thunk.ax
                0x00000000        0x4 build/ide.o
 .text.__x86.get_pc_thunk.bx
                0x00000000        0x4 build/ide.o
 .note.GNU-stack
                0x00000000        0x0 build/ide.o
 .group         0x00000000        0x8 build/stdio-kernel.o
 .text.__x86.get_pc_thunk.bx
                0x00000000        0x4 build/stdio-kernel.o
 .note.GNU-stack
                0x00000000        0x0 build/stdio-kernel.o
 .group         0x00000000        0x8 build/fs.o
 .group         0x00000000        0x8 build/fs.o
 .text.__x86.get_pc_thunk.ax
                0x00000000        0x4 build/fs.o
 .text.__x86.get_pc_thunk.bx
                0x00000000        0x4 build/fs.o
 .note.GNU-stack
                0x00000000        0x0 build/fs.o
 .group         0x00000000        0x8 build/inode.o
 .group         0x00000000        0x8 build/inode.o
 .text.__x86.get_pc_thunk.ax
                0x00000000        0x4 build/inode.o
 .text.__x86.get_pc_thunk.bx
                0x00000000        0x4 build/inode.o
 .note.GNU-stack
                0x00000000        0x0 build/inode.o
 .group         0x00000000        0x8 build/file.o
 .group         0x00000000        0x8 build/file.o
 .group         0x00000000        0x8 build/file.o
 .text.__x86.get_pc_thunk.ax
                0x00000000        0x4 build/file.o
 .text.__x86.get_pc_thunk.dx
                0x00000000        0x4 build/file.o
 .text.__x86.get_pc_thunk.bx
                0x00000000        0x4 build/file.o
 .note.GNU-stack
                0x00000000        0x0 build/file.o
 .group         0x00000000        0x8 build/dir.o
 .group         0x00000000        0x8 build/dir.o
 .text.__x86.get_pc_thunk.ax
                0x00000000        0x4 build/dir.o
 .text.__x86.get_pc_thunk.bx
                0x00000000        0x4 build/dir.o
 .note.GNU-stack
                0x00000000        0x0 build/dir.o
 .group         0x00000000        0x8 build/fork.o
 .group         0x00000000        0x8 build/fork.o
 .text.__x86.get_pc_thunk.ax
                0x00000000        0x4 build/fork.o
 .text.__x86.get_pc_thunk.bx
                0x00000000        0x4 build/fork.o
 .note.GNU-stack
                0x00000000        0x0 build/fork.o
 .group         0x00000000        0x8 build/shell.o
 .group         0x00000000        0x8 build/shell.o
 .text.__x86.get_pc_thunk.ax
                0x00000000        0x4 build/shell.o
 .text.__x86.get_pc_thunk.bx
                0x00000000        0x4 build/shell.o
 .note.GNU-stack
                0x00000000        0x0 build/shell.o
 .group         0x00000000        0x8 build/assert.o
 .text.__x86.get_pc_thunk.ax
                0x00000000        0x4 build/assert.o
 .note.GNU-stack
                0x00000000        0x0 build/assert.o
 .group         0x00000000        0x8 build/buildin_cmd.o
 .group         0x00000000        0x8 build/buildin_cmd.o
 .text.__x86.get_pc_thunk.ax
                0x00000000        0x4 build/buildin_cmd.o
 .text.__x86.get_pc_thunk.bx
                0x00000000        0x4 build/buildin_cmd.o
 .note.GNU-stack
                0x00000000        0x0 build/buildin_cmd.o
 .group         0x00000000        0x8 build/exec.o
 .text.__x86.get_pc_thunk.bx
                0x00000000        0x4 build/exec.o
 .note.GNU-stack
                0x00000000        0x0 build/exec.o
 .group         0x00000000        0x8 build/wait_exit.o
 .group         0x00000000        0x8 build/wait_exit.o
 .text.__x86.get_pc_thunk.ax
                0x00000000        0x4 build/wait_exit.o
 .text.__x86.get_pc_thunk.bx
                0x00000000        0x4 build/wait_exit.o
 .note.GNU-stack
                0x00000000        0x0 build/wait_exit.o
 .group         0x00000000        0x8 build/pipe.o
 .group         0x00000000        0x8 build/pipe.o
 .text.__x86.get_pc_thunk.ax
                0x00000000        0x4 build/pipe.o
 .text.__x86.get_pc_thunk.bx
                0x00000000        0x4 build/pipe.o
 .note.GNU-stack
                0x00000000        0x0 build/pipe.o

Memory Configuration

Name             Origin             Length             Attributes
*default*        0x00000000         0xffffffff

Linker script and memory map

Address of section .text set to 0xc0001500
LOAD build/main.o
LOAD build/init.o
LOAD build/interrupt.o
LOAD build/timer.o
LOAD build/kernel.o
LOAD build/print.o
LOAD build/debug.o
LOAD build/memory.o
LOAD build/bitmap.o
LOAD build/string.o
LOAD build/thread.o
LOAD build/list.o
LOAD build/switch.o
LOAD build/console.o
LOAD build/sync.o
LOAD build/keyboard.o
LOAD build/ioqueue.o
LOAD build/tss.o
LOAD build/process.o
LOAD build/syscall.o
LOAD build/syscall-init.o
LOAD build/stdio.o
LOAD build/ide.o
LOAD build/stdio-kernel.o
LOAD build/fs.o
LOAD build/inode.o
LOAD build/file.o
LOAD build/dir.o
LOAD build/fork.o
LOAD build/shell.o
LOAD build/assert.o
LOAD build/buildin_cmd.o
LOAD build/exec.o
LOAD build/wait_exit.o
LOAD build/pipe.o
                [!provide]                        PROVIDE (__executable_start = SEGMENT_START ("text-segment", 0x8048000))
                0x080480f4                        . = (SEGMENT_START ("text-segment", 0x8048000) + SIZEOF_HEADERS)

.interp
 *(.interp)

.note.gnu.build-id
 *(.note.gnu.build-id)

.hash
 *(.hash)

.gnu.hash
 *(.gnu.hash)

.dynsym
 *(.dynsym)

.dynstr
 *(.dynstr)

.gnu.version
 *(.gnu.version)

.gnu.version_d
 *(.gnu.version_d)

.gnu.version_r
 *(.gnu.version_r)

.rel.dyn        0x080480f4        0x0
 *(.rel.init)
 *(.rel.text .rel.text.* .rel.gnu.linkonce.t.*)
 *(.rel.fini)
 *(.rel.rodata .rel.rodata.* .rel.gnu.linkonce.r.*)
 *(.rel.data.rel.ro .rel.data.rel.ro.* .rel.gnu.linkonce.d.rel.ro.*)
 *(.rel.data .rel.data.* .rel.gnu.linkonce.d.*)
 *(.rel.tdata .rel.tdata.* .rel.gnu.linkonce.td.*)
 *(.rel.tbss .rel.tbss.* .rel.gnu.linkonce.tb.*)
 *(.rel.ctors)
 *(.rel.dtors)
 *(.rel.got)
 .rel.got       0x080480f4        0x0 build/main.o
 *(.rel.bss .rel.bss.* .rel.gnu.linkonce.b.*)
 *(.rel.ifunc)

.rel.plt        0x080480f4        0x0
 *(.rel.plt)
                [!provide]                        PROVIDE (__rel_iplt_start = .)
 *(.rel.iplt)
 .rel.iplt      0x080480f4        0x0 build/main.o
                [!provide]                        PROVIDE (__rel_iplt_end = .)

.relr.dyn
 *(.relr.dyn)
                0x08049000                        . = ALIGN (CONSTANT (MAXPAGESIZE))

.init
 *(SORT_NONE(.init))

.plt            0x08049000        0x0
 *(.plt)
 *(.iplt)
 .iplt          0x08049000        0x0 build/main.o

.plt.got
 *(.plt.got)

.plt.sec
 *(.plt.sec)

.text           0xc0001500     0xd7ac
 *(.text.unlikely .text.*_unlikely .text.unlikely.*)
 *(.text.exit .text.exit.*)
 *(.text.startup .text.startup.*)
 *(.text.hot .text.hot.*)
 *(SORT_BY_NAME(.text.sorted.*))
 *(.text .stub .text.* .gnu.linkonce.t.*)
 .text          0xc0001500       0xe4 build/main.o
                0xc0001500                main
                0xc000156a                init
 .text.__x86.get_pc_thunk.bx
                0xc00015e4        0x4 build/main.o
                0xc00015e4                __x86.get_pc_thunk.bx
 .text          0xc00015e8       0x61 build/init.o
                0xc00015e8                init_all
 .text          0xc0001649      0x52b build/interrupt.o
                0xc0001a2c                intr_enable
                0xc0001a5f                intr_disable
                0xc0001a92                intr_set_status
                0xc0001aba                intr_get_status
                0xc0001ae1                register_handler
                0xc0001b08                idt_init
 .text.__x86.get_pc_thunk.ax
                0xc0001b74        0x4 build/interrupt.o
                0xc0001b74                __x86.get_pc_thunk.ax
 .text          0xc0001b78      0x250 build/timer.o
                0xc0001cfe                mtime_sleep
                0xc0001d60                timer_init
 .text.__x86.get_pc_thunk.cx
                0xc0001dc8        0x4 build/timer.o
                0xc0001dc8                __x86.get_pc_thunk.cx
 *fill*         0xc0001dcc        0x4 
 .text          0xc0001dd0      0x55b build/kernel.o
                0xc0001dd0                intr_exit
                0xc0002307                syscall_handler
 *fill*         0xc000232b        0x5 
 .text          0xc0002330      0x1b1 build/print.o
                0xc0002330                put_str
                0xc000234e                put_char
                0xc000241b                cls_screen
                0xc000245a                put_int
                0xc00024bd                set_cursor
 .text          0xc00024e1      0x10c build/debug.o
                0xc00024e1                panic_spin
 .text          0xc00025ed     0x13f1 build/memory.o
                0xc000271d                pte_ptr
                0xc0002757                pde_ptr
                0xc000290e                malloc_page
                0xc00029e7                get_kernel_pages
                0xc0002a55                get_user_pages
                0xc0002ac3                get_a_page
                0xc0002c5c                get_a_page_without_opvaddrbitmap
                0xc0002cf7                addr_v2p
                0xc0002d68                sys_malloc
                0xc00030ba                pfree
                0xc0003224                mfree_page
                0xc0003414                sys_free
                0xc000385b                block_desc_init
                0xc00038ff                free_a_phy_page
                0xc0003978                mem_init
 .text          0xc00039de      0x28a build/bitmap.o
                0xc00039de                bitmap_init
                0xc0003a11                bitmap_scan_test
                0xc0003a5a                bitmap_scan
                0xc0003ba0                bitmap_set
 .text          0xc0003c68      0x4aa build/string.o
                0xc0003c68                memset
                0xc0003cd1                memcpy
                0xc0003d48                memcmp
                0xc0003de1                strcpy
                0xc0003e4c                strlen
                0xc0003ea9                strcmp
                0xc0003f38                strchr
                0xc0003fa6                strrchr
                0xc000401a                strcat
                0xc000409a                strchrs
 .text          0xc0004112      0xe08 build/thread.o
                0xc0004134                running_thread
                0xc0004252                release_pid
                0xc00042bc                fork_pid
                0xc00042d3                thread_create
                0xc0004357                init_thread
                0xc0004474                thread_start
                0xc0004612                schedule
                0xc000478d                thread_block
                0xc0004805                thread_unblock
                0xc0004926                thread_yield
                0xc0004cb2                sys_ps
                0xc0004d0d                thread_exit
                0xc0004e27                pid2thread
                0xc0004e77                thread_init
 .text.__x86.get_pc_thunk.dx
                0xc0004f1a        0x4 build/thread.o
                0xc0004f1a                __x86.get_pc_thunk.dx
 .text          0xc0004f1e      0x25f build/list.o
                0xc0004f1e                list_init
                0xc0004f56                list_insert_before
                0xc0004faa                list_push
                0xc0004fd2                list_append
                0xc0004ffa                list_remove
                0xc0005043                list_pop
                0xc000506f                elem_find
                0xc00050b4                list_traversal
                0xc000511b                list_len
                0xc000515a                list_empty
 *fill*         0xc000517d        0x3 
 .text          0xc0005180       0x15 build/switch.o
                0xc0005180                switch_to
 .text          0xc0005195      0x119 build/console.o
                0xc0005195                console_init
                0xc00051c0                console_acquire
                0xc00051eb                console_release
                0xc0005216                console_put_str
                0xc0005246                console_put_char
                0xc000527e                console_put_int
 .text          0xc00052ae      0x38f build/sync.o
                0xc00052ae                sema_init
                0xc00052e8                lock_init
                0xc0005322                sema_down
                0xc000543e                sema_up
                0xc0005508                lock_acquire
                0xc000558e                lock_release
 .text          0xc000563d      0x33e build/keyboard.o
                0xc0005919                keyboard_init
 .text          0xc000597b      0x413 build/ioqueue.o
                0xc000597b                ioqueue_init
                0xc0005a01                ioq_full
                0xc0005b78                ioq_getchar
                0xc0005c4d                ioq_putchar
                0xc0005d25                ioq_length
 .text          0xc0005d8e      0x1b2 build/tss.o
                0xc0005d8e                update_tss_esp
                0xc0005e1f                tss_init
 .text          0xc0005f40      0x3dc build/process.o
                0xc0005f40                start_process
                0xc0006054                page_dir_activate
                0xc0006099                process_activate
                0xc00060fc                create_page_dir
                0xc0006185                create_user_vaddr_bitmap
                0xc00061de                process_execute
 .text          0xc000631c      0x453 build/syscall.o
                0xc000631c                getpid
                0xc000633b                write
                0xc0006367                malloc
                0xc000638f                free
                0xc00063b5                fork
                0xc00063d4                read
                0xc0006400                putchar
                0xc000642d                clear
                0xc000644a                getcwd
                0xc0006475                open
                0xc00064a7                close
                0xc00064cf                lseek
                0xc0006502                unlink
                0xc000652a                mkdir
                0xc0006552                opendir
                0xc000657a                closedir
                0xc00065a2                rmdir
                0xc00065ca                readdir
                0xc00065f2                rewinddir
                0xc0006618                stat
                0xc0006643                chdir
                0xc000666b                ps
                0xc0006688                execv
                0xc00066b3                exit
                0xc00066d9                wait
                0xc0006701                pipe
                0xc0006729                fd_redirect
                0xc0006752                help
 .text          0xc000676f      0x1ae build/syscall-init.o
                0xc000676f                sys_getpid
                0xc0006791                syscall_init
 .text          0xc000691d      0x2d7 build/stdio.o
                0xc00069ae                vsprintf
                0xc0006b3c                sprintf
                0xc0006b76                printf
 .text          0xc0006bf4      0xedf build/ide.o
                0xc0006f78                ide_read
                0xc000710d                ide_write
                0xc00077c4                intr_hd_handler
                0xc000789c                ide_init
 .text          0xc0007ad3       0x6a build/stdio-kernel.o
                0xc0007ad3                printk
 .text          0xc0007b3d     0x24b9 build/fs.o
                0xc00081ea                path_parse
                0xc0008253                path_depth_cnt
                0xc000859a                sys_open
                0xc000881c                fd_local2global
                0xc000887c                sys_close
                0xc00089a1                sys_write
                0xc0008af7                sys_read
                0xc0008c57                sys_lseek
                0xc0008d60                sys_unlink
                0xc0008fba                sys_mkdir
                0xc00093d6                sys_opendir
                0xc0009501                sys_closedir
                0xc000953e                sys_readdir
                0xc000958b                sys_rewinddir
                0xc00095a5                sys_rmdir
                0xc000997c                sys_getcwd
                0xc0009b8f                sys_chdir
                0xc0009c2d                sys_stat
                0xc0009d72                sys_putchar
                0xc0009da4                sys_help
                0xc0009dcf                filesys_init
 .text          0xc0009ff6      0x7b8 build/inode.o
                0xc000a0a6                inode_sync
                0xc000a1e2                inode_open
                0xc000a337                inode_close
                0xc000a3c2                inode_delete
                0xc000a4ef                inode_release
                0xc000a74d                inode_init
 .text          0xc000a7ae     0x12bd build/file.o
                0xc000a7ae                get_free_slot_in_global
                0xc000a819                pcb_fd_install
                0xc000a897                inode_bitmap_alloc
                0xc000a8ed                block_bitmap_alloc
                0xc000a94e                bitmap_sync
                0xc000a9e7                file_create
                0xc000acea                file_open
                0xc000ae1e                file_close
                0xc000ae71                file_write
                0xc000b68c                file_read
 .text          0xc000ba6b      0xf5c build/dir.o
                0xc000ba6b                open_root_dir
                0xc000baab                dir_open
                0xc000baf8                search_dir_entry
                0xc000bce1                dir_close
                0xc000bd25                create_dir_entry
                0xc000bda9                sync_dir_entry
                0xc000c20f                delete_dir_entry
                0xc000c6ab                dir_read
                0xc000c8af                dir_is_empty
                0xc000c8e7                dir_remove
 .text          0xc000c9c7      0x58f build/fork.o
                0xc000ce0b                sys_fork
 .text          0xc000cf56      0x821 build/shell.o
                0xc000cf56                print_prompt
                0xc000d4cc                my_shell
 .text          0xc000d777       0x34 build/assert.o
                0xc000d777                user_spin
 .text          0xc000d7ab      0xa17 build/buildin_cmd.o
                0xc000d93a                make_clear_abs_path
                0xc000da03                buildin_pwd
                0xc000da7c                buildin_cd
                0xc000db25                buildin_ls
                0xc000df2b                buildin_ps
                0xc000df64                buildin_clear
                0xc000df9d                buildin_mkdir
                0xc000e04a                buildin_rmdir
                0xc000e0f7                buildin_rm
                0xc000e1a4                buildin_help
 .text          0xc000e1c2      0x360 build/exec.o
                0xc000e46f                sys_execv
 .text          0xc000e522      0x4af build/wait_exit.o
                0xc000e837                sys_wait
                0xc000e901                sys_exit
 .text          0xc000e9d1      0x2db build/pipe.o
                0xc000e9d1                is_pipe
                0xc000ea1d                sys_pipe
                0xc000eb15                pipe_read
                0xc000ebae                pipe_write
                0xc000ec53                sys_fd_redirect
 *(.gnu.warning)

.fini
 *(SORT_NONE(.fini))
                [!provide]                        PROVIDE (__etext = .)
                [!provide]                        PROVIDE (_etext = .)
                [!provide]                        PROVIDE (etext = .)
                0xc000f000                        . = ALIGN (CONSTANT (MAXPAGESIZE))
                0xc000f000                        . = SEGMENT_START ("rodata-segment", (ALIGN (CONSTANT (MAXPAGESIZE)) + (. & (CONSTANT (MAXPAGESIZE) - 0x1))))

.rodata         0xc000f000     0x29fd
 *(.rodata .rodata.* .gnu.linkonce.r.*)
 .rodata        0xc000f000       0xa5 build/main.o
 .rodata        0xc000f0a5       0x18 build/init.o
 *fill*         0xc000f0bd        0x3 
 .rodata        0xc000f0c0      0x2d1 build/interrupt.o
 *fill*         0xc000f391        0x3 
 .rodata        0xc000f394       0x94 build/timer.o
 .rodata        0xc000f428       0x59 build/debug.o
 *fill*         0xc000f481        0x3 
 .rodata        0xc000f484      0x3c9 build/memory.o
 *fill*         0xc000f84d        0x3 
 .rodata        0xc000f850       0x6b build/bitmap.o
 *fill*         0xc000f8bb        0x1 
 .rodata        0xc000f8bc       0xc4 build/string.o
 .rodata        0xc000f980      0x3dc build/thread.o
 .rodata        0xc000fd5c      0x135 build/sync.o
 .rodata        0xc000fe91       0x36 build/keyboard.o
 *fill*         0xc000fec7        0x1 
 .rodata        0xc000fec8       0xa8 build/ioqueue.o
 .rodata        0xc000ff70       0x27 build/tss.o
 *fill*         0xc000ff97        0x1 
 .rodata        0xc000ff98       0xe0 build/process.o
 .rodata        0xc0010078       0x27 build/syscall-init.o
 *fill*         0xc001009f        0x1 
 .rodata        0xc00100a0      0x1f9 build/ide.o
 *fill*         0xc0010299        0x3 
 .rodata        0xc001029c      0xa29 build/fs.o
 *fill*         0xc0010cc5        0x3 
 .rodata        0xc0010cc8       0xc2 build/inode.o
 *fill*         0xc0010d8a        0x2 
 .rodata        0xc0010d8c      0x41e build/file.o
 *fill*         0xc00111aa        0x2 
 .rodata        0xc00111ac      0x20f build/dir.o
 *fill*         0xc00113bb        0x1 
 .rodata        0xc00113bc      0x105 build/fork.o
 *fill*         0xc00114c1        0x3 
 .rodata        0xc00114c4      0x1b0 build/shell.o
 .rodata        0xc0011674       0x32 build/assert.o
 *fill*         0xc00116a6        0x2 
 .rodata        0xc00116a8      0x302 build/buildin_cmd.o
 .rodata        0xc00119aa        0x8 build/exec.o
 *fill*         0xc00119b2        0x2 
 .rodata        0xc00119b4       0x49 build/wait_exit.o

.rodata1
 *(.rodata1)

.eh_frame_hdr
 *(.eh_frame_hdr)
 *(.eh_frame_entry .eh_frame_entry.*)

.eh_frame       0xc0011a00     0x25cc
 *(.eh_frame)
 .eh_frame      0xc0011a00       0x84 build/main.o
 .eh_frame      0xc0011a84       0x24 build/init.o
                                 0x50 (size before relaxing)
 .eh_frame      0xc0011aa8      0x1a4 build/interrupt.o
                                0x1d0 (size before relaxing)
 .eh_frame      0xc0011c4c       0xf0 build/timer.o
                                0x130 (size before relaxing)
 .eh_frame      0xc0011d3c       0x1c build/debug.o
                                 0x48 (size before relaxing)
 .eh_frame      0xc0011d58      0x324 build/memory.o
                                0x364 (size before relaxing)
 .eh_frame      0xc001207c       0x90 build/bitmap.o
                                 0xbc (size before relaxing)
 .eh_frame      0xc001210c      0x168 build/string.o
                                0x194 (size before relaxing)
 .eh_frame      0xc0012274      0x314 build/thread.o
                                0x354 (size before relaxing)
 .eh_frame      0xc0012588      0x148 build/list.o
                                0x188 (size before relaxing)
 .eh_frame      0xc00126d0       0xd8 build/console.o
                                0x118 (size before relaxing)
 .eh_frame      0xc00127a8       0xdc build/sync.o
                                0x11c (size before relaxing)
 .eh_frame      0xc0012884       0x68 build/keyboard.o
                                 0xa8 (size before relaxing)
 .eh_frame      0xc00128ec      0x13c build/ioqueue.o
                                0x17c (size before relaxing)
 .eh_frame      0xc0012a28       0x6c build/tss.o
                                 0xac (size before relaxing)
 .eh_frame      0xc0012a94       0xd8 build/process.o
                                0x118 (size before relaxing)
 .eh_frame      0xc0012b6c      0x3dc build/syscall.o
                                0x408 (size before relaxing)
 .eh_frame      0xc0012f48       0x48 build/syscall-init.o
                                 0x88 (size before relaxing)
 .eh_frame      0xc0012f90       0x90 build/stdio.o
                                 0xd0 (size before relaxing)
 .eh_frame      0xc0013020      0x27c build/ide.o
                                0x2bc (size before relaxing)
 .eh_frame      0xc001329c       0x28 build/stdio-kernel.o
                                 0x54 (size before relaxing)
 .eh_frame      0xc00132c4      0x3e0 build/fs.o
                                0x420 (size before relaxing)
 .eh_frame      0xc00136a4      0x100 build/inode.o
                                0x140 (size before relaxing)
 .eh_frame      0xc00137a4      0x178 build/file.o
                                0x1cc (size before relaxing)
 .eh_frame      0xc001391c      0x17c build/dir.o
                                0x1bc (size before relaxing)
 .eh_frame      0xc0013a98       0xd8 build/fork.o
                                0x118 (size before relaxing)
 .eh_frame      0xc0013b70       0xac build/shell.o
                                 0xec (size before relaxing)
 .eh_frame      0xc0013c1c       0x1c build/assert.o
                                 0x48 (size before relaxing)
 .eh_frame      0xc0013c38      0x19c build/buildin_cmd.o
                                0x1dc (size before relaxing)
 .eh_frame      0xc0013dd4       0x6c build/exec.o
                                 0x98 (size before relaxing)
 .eh_frame      0xc0013e40       0xd4 build/wait_exit.o
                                0x114 (size before relaxing)
 .eh_frame      0xc0013f14       0xb8 build/pipe.o
                                 0xf8 (size before relaxing)
 *(.eh_frame.*)

.sframe
 *(.sframe)
 *(.sframe.*)

.gcc_except_table
 *(.gcc_except_table .gcc_except_table.*)

.gnu_extab
 *(.gnu_extab*)

.exception_ranges
 *(.exception_ranges*)
                0xc0014ff4                        . = DATA_SEGMENT_ALIGN (CONSTANT (MAXPAGESIZE), CONSTANT (COMMONPAGESIZE))

.eh_frame
 *(.eh_frame)
 *(.eh_frame.*)

.sframe
 *(.sframe)
 *(.sframe.*)

.gnu_extab
 *(.gnu_extab)

.gcc_except_table
 *(.gcc_except_table .gcc_except_table.*)

.exception_ranges
 *(.exception_ranges*)

.tdata          0xc0014ff4        0x0
                [!provide]                        PROVIDE (__tdata_start = .)
 *(.tdata .tdata.* .gnu.linkonce.td.*)

.tbss
 *(.tbss .tbss.* .gnu.linkonce.tb.*)
 *(.tcommon)

.preinit_array  0xc0014ff4        0x0
                [!provide]                        PROVIDE (__preinit_array_start = .)
 *(.preinit_array)
                [!provide]                        PROVIDE (__preinit_array_end = .)

.init_array     0xc0014ff4        0x0
                [!provide]                        PROVIDE (__init_array_start = .)
 *(SORT_BY_INIT_PRIORITY(.init_array.*) SORT_BY_INIT_PRIORITY(.ctors.*))
 *(.init_array EXCLUDE_FILE(*crtend?.o *crtend.o *crtbegin?.o *crtbegin.o) .ctors)
                [!provide]                        PROVIDE (__init_array_end = .)

.fini_array     0xc0014ff4        0x0
                [!provide]                        PROVIDE (__fini_array_start = .)
 *(SORT_BY_INIT_PRIORITY(.fini_array.*) SORT_BY_INIT_PRIORITY(.dtors.*))
 *(.fini_array EXCLUDE_FILE(*crtend?.o *crtend.o *crtbegin?.o *crtbegin.o) .dtors)
                [!provide]                        PROVIDE (__fini_array_end = .)

.ctors
 *crtbegin.o(.ctors)
 *crtbegin?.o(.ctors)
 *(EXCLUDE_FILE(*crtend?.o *crtend.o) .ctors)
 *(SORT_BY_NAME(.ctors.*))
 *(.ctors)

.dtors
 *crtbegin.o(.dtors)
 *crtbegin?.o(.dtors)
 *(EXCLUDE_FILE(*crtend?.o *crtend.o) .dtors)
 *(SORT_BY_NAME(.dtors.*))
 *(.dtors)

.jcr
 *(.jcr)

.data.rel.ro
 *(.data.rel.ro.local* .gnu.linkonce.d.rel.ro.local.*)
 *(.data.rel.ro .data.rel.ro.* .gnu.linkonce.d.rel.ro.*)

.dynamic
 *(.dynamic)

.got            0xc0014ff4        0x0
 *(.got)
 .got           0xc0014ff4        0x0 build/main.o
 *(.igot)
                0xc0014ff4                        . = DATA_SEGMENT_RELRO_END (., (SIZEOF (.got.plt) >= 0xc)?0xc:0x0)

.got.plt        0xc0014ff4        0xc
 *(.got.plt)
 .got.plt       0xc0014ff4        0xc build/main.o
                0xc0014ff4                _GLOBAL_OFFSET_TABLE_
 *(.igot.plt)
 .igot.plt      0xc0015000        0x0 build/main.o

.data           0xc0015000      0x15c
 *(.data .data.* .gnu.linkonce.d.*)
 .data          0xc0015000        0x0 build/main.o
 .data          0xc0015000        0x0 build/init.o
 .data          0xc0015000        0x0 build/interrupt.o
 .data          0xc0015000        0x0 build/timer.o
 .data          0xc0015000       0xc0 build/kernel.o
                0xc0015000                intr_entry_table
 .data          0xc00150c0        0x8 build/print.o
 .data          0xc00150c8        0x0 build/debug.o
 .data          0xc00150c8        0x0 build/memory.o
 .data          0xc00150c8        0x0 build/bitmap.o
 .data          0xc00150c8        0x0 build/string.o
 .data          0xc00150c8        0x0 build/thread.o
 .data          0xc00150c8        0x0 build/list.o
 .data          0xc00150c8        0x0 build/console.o
 .data          0xc00150c8        0x0 build/sync.o
 *fill*         0xc00150c8       0x18 
 .data          0xc00150e0       0x76 build/keyboard.o
 .data          0xc0015156        0x0 build/ioqueue.o
 .data          0xc0015156        0x0 build/tss.o
 .data          0xc0015156        0x0 build/process.o
 .data          0xc0015156        0x0 build/syscall.o
 .data          0xc0015156        0x0 build/syscall-init.o
 .data          0xc0015156        0x0 build/stdio.o
 .data          0xc0015156        0x0 build/ide.o
 .data          0xc0015156        0x0 build/stdio-kernel.o
 .data          0xc0015156        0x0 build/fs.o
 .data          0xc0015156        0x0 build/inode.o
 .data          0xc0015156        0x0 build/file.o
 .data          0xc0015156        0x0 build/dir.o
 .data          0xc0015156        0x0 build/fork.o
 *fill*         0xc0015156        0x2 
 .data          0xc0015158        0x4 build/shell.o
                0xc0015158                argc
 .data          0xc001515c        0x0 build/assert.o
 .data          0xc001515c        0x0 build/buildin_cmd.o
 .data          0xc001515c        0x0 build/exec.o
 .data          0xc001515c        0x0 build/wait_exit.o
 .data          0xc001515c        0x0 build/pipe.o

.data1
 *(.data1)
                0xc001515c                        _edata = .
                [!provide]                        PROVIDE (edata = .)
                0xc001515c                        . = ALIGN (ALIGNOF (NEXT_SECTION))
                0xc0015160                        __bss_start = .

.bss            0xc0015160     0x2ac0
 *(.dynbss)
 *(.bss .bss.* .gnu.linkonce.b.*)
 .bss           0xc0015160        0x0 build/main.o
 .bss           0xc0015160        0x0 build/init.o
 .bss           0xc0015160      0x848 build/interrupt.o
                0xc0015160                intr_name
                0xc0015380                idt_table
 .bss           0xc00159a8        0x4 build/timer.o
                0xc00159a8                ticks
 .bss           0xc00159ac        0x0 build/debug.o
 *fill*         0xc00159ac       0x14 
 .bss           0xc00159c0      0x138 build/memory.o
                0xc00159c0                k_block_descs
                0xc0015a80                kernel_pool
                0xc0015ac0                user_pool
                0xc0015aec                kernel_vaddr
 .bss           0xc0015af8        0x0 build/bitmap.o
 .bss           0xc0015af8        0x0 build/string.o
 *fill*         0xc0015af8        0x8 
 .bss           0xc0015b00       0xd4 build/thread.o
                0xc0015b00                pid_bitmap_bits
                0xc0015b80                pid_pool
                0xc0015ba8                main_thread
                0xc0015bac                idle_thread
                0xc0015bb0                thread_ready_list
                0xc0015bc0                thread_all_list
 .bss           0xc0015bd4        0x0 build/list.o
 .bss           0xc0015bd4       0x1c build/console.o
 .bss           0xc0015bf0        0x0 build/sync.o
 *fill*         0xc0015bf0       0x10 
 .bss           0xc0015c00      0x840 build/keyboard.o
                0xc0015c00                kbd_buf
 .bss           0xc0016440        0x0 build/ioqueue.o
 .bss           0xc0016440       0x6c build/tss.o
 .bss           0xc00164ac        0x0 build/process.o
 .bss           0xc00164ac        0x0 build/syscall.o
 *fill*         0xc00164ac       0x14 
 .bss           0xc00164c0       0x80 build/syscall-init.o
                0xc00164c0                syscall_table
 .bss           0xc0016540        0x0 build/stdio.o
 .bss           0xc0016540      0xcf8 build/ide.o
                0xc0016540                channel_cnt
                0xc0016560                channels
                0xc0017220                ext_lba_base
                0xc0017224                p_no
                0xc0017225                l_no
                0xc0017228                partition_list
 .bss           0xc0017238        0x0 build/stdio-kernel.o
 .bss           0xc0017238        0x4 build/fs.o
                0xc0017238                cur_part
 .bss           0xc001723c        0x0 build/inode.o
 *fill*         0xc001723c        0x4 
 .bss           0xc0017240      0x180 build/file.o
                0xc0017240                file_table
 .bss           0xc00173c0      0x208 build/dir.o
                0xc00173c0                root_dir
 .bss           0xc00175c8        0x0 build/fork.o
 *fill*         0xc00175c8       0x18 
 .bss           0xc00175e0      0x640 build/shell.o
                0xc00175e0                final_path
                0xc00177e0                cwd_cache
                0xc00179e0                argv
 .bss           0xc0017c20        0x0 build/assert.o
 .bss           0xc0017c20        0x0 build/buildin_cmd.o
 .bss           0xc0017c20        0x0 build/exec.o
 .bss           0xc0017c20        0x0 build/wait_exit.o
 .bss           0xc0017c20        0x0 build/pipe.o
 *(COMMON)
                0xc0017c20                        . = ALIGN ((. != 0x0)?0x4:0x1)
                0xc0017c20                        . = ALIGN (0x4)
                0xc0017c20                        . = SEGMENT_START ("ldata-segment", .)
                0xc0017c20                        . = ALIGN (0x4)
                0xc0017c20                        _end = .
                [!provide]                        PROVIDE (end = .)
                0xc0017c20                        . = DATA_SEGMENT_END (.)

.stab
 *(.stab)

.stabstr
 *(.stabstr)

.stab.excl
 *(.stab.excl)

.stab.exclstr
 *(.stab.exclstr)

.stab.index
 *(.stab.index)

.stab.indexstr
 *(.stab.indexstr)

.comment        0x00000000       0x2b
 *(.comment)
 .comment       0x00000000       0x2b build/main.o
                                 0x2c (size before relaxing)
 .comment       0x0000002b       0x2c build/init.o
 .comment       0x0000002b       0x2c build/interrupt.o
 .comment       0x0000002b       0x2c build/timer.o
 .comment       0x0000002b       0x2c build/debug.o
 .comment       0x0000002b       0x2c build/memory.o
 .comment       0x0000002b       0x2c build/bitmap.o
 .comment       0x0000002b       0x2c build/string.o
 .comment       0x0000002b       0x2c build/thread.o
 .comment       0x0000002b       0x2c build/list.o
 .comment       0x0000002b       0x2c build/console.o
 .comment       0x0000002b       0x2c build/sync.o
 .comment       0x0000002b       0x2c build/keyboard.o
 .comment       0x0000002b       0x2c build/ioqueue.o
 .comment       0x0000002b       0x2c build/tss.o
 .comment       0x0000002b       0x2c build/process.o
 .comment       0x0000002b       0x2c build/syscall.o
 .comment       0x0000002b       0x2c build/syscall-init.o
 .comment       0x0000002b       0x2c build/stdio.o
 .comment       0x0000002b       0x2c build/ide.o
 .comment       0x0000002b       0x2c build/stdio-kernel.o
 .comment       0x0000002b       0x2c build/fs.o
 .comment       0x0000002b       0x2c build/inode.o
 .comment       0x0000002b       0x2c build/file.o
 .comment       0x0000002b       0x2c build/dir.o
 .comment       0x0000002b       0x2c build/fork.o
 .comment       0x0000002b       0x2c build/shell.o
 .comment       0x0000002b       0x2c build/assert.o
 .comment       0x0000002b       0x2c build/buildin_cmd.o
 .comment       0x0000002b       0x2c build/exec.o
 .comment       0x0000002b       0x2c build/wait_exit.o
 .comment       0x0000002b       0x2c build/pipe.o

.gnu.build.attributes
 *(.gnu.build.attributes .gnu.build.attributes.*)

.debug
 *(.debug)

.line
 *(.line)

.debug_srcinfo
 *(.debug_srcinfo)

.debug_sfnames
 *(.debug_sfnames)

.debug_aranges
 *(.debug_aranges)

.debug_pubnames
 *(.debug_pubnames)

.debug_info
 *(.debug_info .gnu.linkonce.wi.*)

.debug_abbrev
 *(.debug_abbrev)

.debug_line
 *(.debug_line .debug_line.* .debug_line_end)

.debug_frame
 *(.debug_frame)

.debug_str
 *(.debug_str)

.debug_loc
 *(.debug_loc)

.debug_macinfo
 *(.debug_macinfo)

.debug_weaknames
 *(.debug_weaknames)

.debug_funcnames
 *(.debug_funcnames)

.debug_typenames
 *(.debug_typenames)

.debug_varnames
 *(.debug_varnames)

.debug_pubtypes
 *(.debug_pubtypes)

.debug_ranges
 *(.debug_ranges)

.debug_addr
 *(.debug_addr)

.debug_line_str
 *(.debug_line_str)

.debug_loclists
 *(.debug_loclists)

.debug_macro
 *(.debug_macro)

.debug_names
 *(.debug_names)

.debug_rnglists
 *(.debug_rnglists)

.debug_str_offsets
 *(.debug_str_offsets)

.debug_sup
 *(.debug_sup)

.gnu.attributes
 *(.gnu.attributes)

/DISCARD/
 *(.note.GNU-stack)
 *(.gnu_debuglink)
 *(.gnu.lto_*)
OUTPUT(build/kernel.bin elf32-i386)
