
Discarded input sections

 .group         0x00000000        0x8 middlewares/main.o
 .note.GNU-stack
                0x00000000        0x0 middlewares/main.o
 .group         0x00000000        0x8 middlewares/init.o
 .text.__x86.get_pc_thunk.bx
                0x00000000        0x4 middlewares/init.o
 .note.GNU-stack
                0x00000000        0x0 middlewares/init.o
 .group         0x00000000        0x8 middlewares/interrupt.o
 .group         0x00000000        0x8 middlewares/interrupt.o
 .text.__x86.get_pc_thunk.bx
                0x00000000        0x4 middlewares/interrupt.o
 .note.GNU-stack
                0x00000000        0x0 middlewares/interrupt.o
 .group         0x00000000        0x8 middlewares/timer.o
 .group         0x00000000        0x8 middlewares/timer.o
 .group         0x00000000        0x8 middlewares/timer.o
 .text.__x86.get_pc_thunk.ax
                0x00000000        0x4 middlewares/timer.o
 .text.__x86.get_pc_thunk.bx
                0x00000000        0x4 middlewares/timer.o
 .note.GNU-stack
                0x00000000        0x0 middlewares/timer.o
 .group         0x00000000        0x8 middlewares/ccos_print.o
 .group         0x00000000        0x8 middlewares/ccos_print.o
 .text.__x86.get_pc_thunk.ax
                0x00000000        0x4 middlewares/ccos_print.o
 .text.__x86.get_pc_thunk.bx
                0x00000000        0x4 middlewares/ccos_print.o
 .note.GNU-stack
                0x00000000        0x0 middlewares/ccos_print.o
 .group         0x00000000        0x8 middlewares/kernel_assert.o
 .text.__x86.get_pc_thunk.bx
                0x00000000        0x4 middlewares/kernel_assert.o
 .note.GNU-stack
                0x00000000        0x0 middlewares/kernel_assert.o
 .group         0x00000000        0x8 middlewares/memory.o
 .group         0x00000000        0x8 middlewares/memory.o
 .text.__x86.get_pc_thunk.ax
                0x00000000        0x4 middlewares/memory.o
 .text.__x86.get_pc_thunk.bx
                0x00000000        0x4 middlewares/memory.o
 .note.GNU-stack
                0x00000000        0x0 middlewares/memory.o
 .group         0x00000000        0x8 middlewares/bitmap.o
 .text.__x86.get_pc_thunk.ax
                0x00000000        0x4 middlewares/bitmap.o
 .note.GNU-stack
                0x00000000        0x0 middlewares/bitmap.o
 .group         0x00000000        0x8 middlewares/string.o
 .text.__x86.get_pc_thunk.ax
                0x00000000        0x4 middlewares/string.o
 .note.GNU-stack
                0x00000000        0x0 middlewares/string.o
 .group         0x00000000        0x8 middlewares/thread.o
 .group         0x00000000        0x8 middlewares/thread.o
 .group         0x00000000        0x8 middlewares/thread.o
 .text.__x86.get_pc_thunk.ax
                0x00000000        0x4 middlewares/thread.o
 .text.__x86.get_pc_thunk.bx
                0x00000000        0x4 middlewares/thread.o
 .note.GNU-stack
                0x00000000        0x0 middlewares/thread.o
 .group         0x00000000        0x8 middlewares/list.o
 .group         0x00000000        0x8 middlewares/list.o
 .text.__x86.get_pc_thunk.ax
                0x00000000        0x4 middlewares/list.o
 .text.__x86.get_pc_thunk.bx
                0x00000000        0x4 middlewares/list.o
 .note.GNU-stack
                0x00000000        0x0 middlewares/list.o
 .group         0x00000000        0x8 middlewares/console_tty.o
 .group         0x00000000        0x8 middlewares/console_tty.o
 .text.__x86.get_pc_thunk.ax
                0x00000000        0x4 middlewares/console_tty.o
 .text.__x86.get_pc_thunk.bx
                0x00000000        0x4 middlewares/console_tty.o
 .note.GNU-stack
                0x00000000        0x0 middlewares/console_tty.o
 .group         0x00000000        0x8 middlewares/lock.o
 .group         0x00000000        0x8 middlewares/lock.o
 .text.__x86.get_pc_thunk.ax
                0x00000000        0x4 middlewares/lock.o
 .text.__x86.get_pc_thunk.bx
                0x00000000        0x4 middlewares/lock.o
 .note.GNU-stack
                0x00000000        0x0 middlewares/lock.o
 .group         0x00000000        0x8 middlewares/keyboard.o
 .group         0x00000000        0x8 middlewares/keyboard.o
 .text.__x86.get_pc_thunk.ax
                0x00000000        0x4 middlewares/keyboard.o
 .text.__x86.get_pc_thunk.bx
                0x00000000        0x4 middlewares/keyboard.o
 .note.GNU-stack
                0x00000000        0x0 middlewares/keyboard.o
 .group         0x00000000        0x8 middlewares/ioqueue.o
 .group         0x00000000        0x8 middlewares/ioqueue.o
 .text.__x86.get_pc_thunk.ax
                0x00000000        0x4 middlewares/ioqueue.o
 .text.__x86.get_pc_thunk.bx
                0x00000000        0x4 middlewares/ioqueue.o
 .note.GNU-stack
                0x00000000        0x0 middlewares/ioqueue.o
 .group         0x00000000        0x8 middlewares/tss.o
 .group         0x00000000        0x8 middlewares/tss.o
 .text.__x86.get_pc_thunk.ax
                0x00000000        0x4 middlewares/tss.o
 .text.__x86.get_pc_thunk.bx
                0x00000000        0x4 middlewares/tss.o
 .note.GNU-stack
                0x00000000        0x0 middlewares/tss.o
 .group         0x00000000        0x8 middlewares/process.o
 .group         0x00000000        0x8 middlewares/process.o
 .text.__x86.get_pc_thunk.ax
                0x00000000        0x4 middlewares/process.o
 .text.__x86.get_pc_thunk.bx
                0x00000000        0x4 middlewares/process.o
 .note.GNU-stack
                0x00000000        0x0 middlewares/process.o
 .group         0x00000000        0x8 middlewares/syscall.o
 .text.__x86.get_pc_thunk.ax
                0x00000000        0x4 middlewares/syscall.o
 .note.GNU-stack
                0x00000000        0x0 middlewares/syscall.o
 .group         0x00000000        0x8 middlewares/syscall-init.o
 .group         0x00000000        0x8 middlewares/syscall-init.o
 .text.__x86.get_pc_thunk.ax
                0x00000000        0x4 middlewares/syscall-init.o
 .text.__x86.get_pc_thunk.bx
                0x00000000        0x4 middlewares/syscall-init.o
 .note.GNU-stack
                0x00000000        0x0 middlewares/syscall-init.o
 .group         0x00000000        0x8 middlewares/stdio.o
 .group         0x00000000        0x8 middlewares/stdio.o
 .text.__x86.get_pc_thunk.ax
                0x00000000        0x4 middlewares/stdio.o
 .text.__x86.get_pc_thunk.bx
                0x00000000        0x4 middlewares/stdio.o
 .note.GNU-stack
                0x00000000        0x0 middlewares/stdio.o
 .group         0x00000000        0x8 middlewares/ide.o
 .group         0x00000000        0x8 middlewares/ide.o
 .text.__x86.get_pc_thunk.ax
                0x00000000        0x4 middlewares/ide.o
 .text.__x86.get_pc_thunk.bx
                0x00000000        0x4 middlewares/ide.o
 .note.GNU-stack
                0x00000000        0x0 middlewares/ide.o
 .group         0x00000000        0x8 middlewares/stdio-kernel.o
 .group         0x00000000        0x8 middlewares/stdio-kernel.o
 .text.__x86.get_pc_thunk.ax
                0x00000000        0x4 middlewares/stdio-kernel.o
 .text.__x86.get_pc_thunk.bx
                0x00000000        0x4 middlewares/stdio-kernel.o
 .note.GNU-stack
                0x00000000        0x0 middlewares/stdio-kernel.o
 .group         0x00000000        0x8 middlewares/fs.o
 .group         0x00000000        0x8 middlewares/fs.o
 .text.__x86.get_pc_thunk.ax
                0x00000000        0x4 middlewares/fs.o
 .text.__x86.get_pc_thunk.bx
                0x00000000        0x4 middlewares/fs.o
 .note.GNU-stack
                0x00000000        0x0 middlewares/fs.o
 .group         0x00000000        0x8 middlewares/inode.o
 .group         0x00000000        0x8 middlewares/inode.o
 .text.__x86.get_pc_thunk.ax
                0x00000000        0x4 middlewares/inode.o
 .text.__x86.get_pc_thunk.bx
                0x00000000        0x4 middlewares/inode.o
 .note.GNU-stack
                0x00000000        0x0 middlewares/inode.o
 .group         0x00000000        0x8 middlewares/file.o
 .group         0x00000000        0x8 middlewares/file.o
 .group         0x00000000        0x8 middlewares/file.o
 .text.__x86.get_pc_thunk.ax
                0x00000000        0x4 middlewares/file.o
 .text.__x86.get_pc_thunk.dx
                0x00000000        0x4 middlewares/file.o
 .text.__x86.get_pc_thunk.bx
                0x00000000        0x4 middlewares/file.o
 .note.GNU-stack
                0x00000000        0x0 middlewares/file.o
 .group         0x00000000        0x8 middlewares/dir.o
 .group         0x00000000        0x8 middlewares/dir.o
 .text.__x86.get_pc_thunk.ax
                0x00000000        0x4 middlewares/dir.o
 .text.__x86.get_pc_thunk.bx
                0x00000000        0x4 middlewares/dir.o
 .note.GNU-stack
                0x00000000        0x0 middlewares/dir.o
 .group         0x00000000        0x8 middlewares/fork.o
 .group         0x00000000        0x8 middlewares/fork.o
 .text.__x86.get_pc_thunk.ax
                0x00000000        0x4 middlewares/fork.o
 .text.__x86.get_pc_thunk.bx
                0x00000000        0x4 middlewares/fork.o
 .note.GNU-stack
                0x00000000        0x0 middlewares/fork.o
 .group         0x00000000        0x8 middlewares/shell.o
 .group         0x00000000        0x8 middlewares/shell.o
 .text.__x86.get_pc_thunk.ax
                0x00000000        0x4 middlewares/shell.o
 .text.__x86.get_pc_thunk.bx
                0x00000000        0x4 middlewares/shell.o
 .note.GNU-stack
                0x00000000        0x0 middlewares/shell.o
 .group         0x00000000        0x8 middlewares/user_assert.o
 .text.__x86.get_pc_thunk.ax
                0x00000000        0x4 middlewares/user_assert.o
 .note.GNU-stack
                0x00000000        0x0 middlewares/user_assert.o
 .group         0x00000000        0x8 middlewares/buildin_cmd.o
 .group         0x00000000        0x8 middlewares/buildin_cmd.o
 .text.__x86.get_pc_thunk.ax
                0x00000000        0x4 middlewares/buildin_cmd.o
 .text.__x86.get_pc_thunk.bx
                0x00000000        0x4 middlewares/buildin_cmd.o
 .note.GNU-stack
                0x00000000        0x0 middlewares/buildin_cmd.o
 .group         0x00000000        0x8 middlewares/exec.o
 .text.__x86.get_pc_thunk.bx
                0x00000000        0x4 middlewares/exec.o
 .note.GNU-stack
                0x00000000        0x0 middlewares/exec.o
 .group         0x00000000        0x8 middlewares/wait_exit.o
 .group         0x00000000        0x8 middlewares/wait_exit.o
 .text.__x86.get_pc_thunk.ax
                0x00000000        0x4 middlewares/wait_exit.o
 .text.__x86.get_pc_thunk.bx
                0x00000000        0x4 middlewares/wait_exit.o
 .note.GNU-stack
                0x00000000        0x0 middlewares/wait_exit.o
 .group         0x00000000        0x8 middlewares/pipe.o
 .group         0x00000000        0x8 middlewares/pipe.o
 .text.__x86.get_pc_thunk.ax
                0x00000000        0x4 middlewares/pipe.o
 .text.__x86.get_pc_thunk.bx
                0x00000000        0x4 middlewares/pipe.o
 .note.GNU-stack
                0x00000000        0x0 middlewares/pipe.o

Memory Configuration

Name             Origin             Length             Attributes
*default*        0x00000000         0xffffffff

Linker script and memory map

Address of section .text set to 0xc0001500
LOAD middlewares/main.o
LOAD middlewares/init.o
LOAD middlewares/interrupt.o
LOAD middlewares/timer.o
LOAD middlewares/kernel.o
LOAD middlewares/ccos_print.o
LOAD middlewares/_ccos_print.o
LOAD middlewares/kernel_assert.o
LOAD middlewares/memory.o
LOAD middlewares/bitmap.o
LOAD middlewares/string.o
LOAD middlewares/thread.o
LOAD middlewares/list.o
LOAD middlewares/switch_thread.o
LOAD middlewares/console_tty.o
LOAD middlewares/lock.o
LOAD middlewares/keyboard.o
LOAD middlewares/ioqueue.o
LOAD middlewares/tss.o
LOAD middlewares/process.o
LOAD middlewares/syscall.o
LOAD middlewares/syscall-init.o
LOAD middlewares/stdio.o
LOAD middlewares/ide.o
LOAD middlewares/stdio-kernel.o
LOAD middlewares/fs.o
LOAD middlewares/inode.o
LOAD middlewares/file.o
LOAD middlewares/dir.o
LOAD middlewares/fork.o
LOAD middlewares/shell.o
LOAD middlewares/user_assert.o
LOAD middlewares/buildin_cmd.o
LOAD middlewares/exec.o
LOAD middlewares/wait_exit.o
LOAD middlewares/pipe.o
                [!provide]                        PROVIDE (__executable_start = SEGMENT_START ("text-segment", 0x8048000))
                0x080480f4                        . = (SEGMENT_START ("text-segment", 0x8048000) + SIZEOF_HEADERS)

.interp
 *(.interp)

.note.gnu.build-id
 *(.note.gnu.build-id)

.hash
 *(.hash)

.gnu.hash
 *(.gnu.hash)

.dynsym
 *(.dynsym)

.dynstr
 *(.dynstr)

.gnu.version
 *(.gnu.version)

.gnu.version_d
 *(.gnu.version_d)

.gnu.version_r
 *(.gnu.version_r)

.rel.dyn        0x080480f4        0x0
 *(.rel.init)
 *(.rel.text .rel.text.* .rel.gnu.linkonce.t.*)
 *(.rel.fini)
 *(.rel.rodata .rel.rodata.* .rel.gnu.linkonce.r.*)
 *(.rel.data.rel.ro .rel.data.rel.ro.* .rel.gnu.linkonce.d.rel.ro.*)
 *(.rel.data .rel.data.* .rel.gnu.linkonce.d.*)
 *(.rel.tdata .rel.tdata.* .rel.gnu.linkonce.td.*)
 *(.rel.tbss .rel.tbss.* .rel.gnu.linkonce.tb.*)
 *(.rel.ctors)
 *(.rel.dtors)
 *(.rel.got)
 .rel.got       0x080480f4        0x0 middlewares/main.o
 *(.rel.bss .rel.bss.* .rel.gnu.linkonce.b.*)
 *(.rel.ifunc)

.rel.plt        0x080480f4        0x0
 *(.rel.plt)
                [!provide]                        PROVIDE (__rel_iplt_start = .)
 *(.rel.iplt)
 .rel.iplt      0x080480f4        0x0 middlewares/main.o
                [!provide]                        PROVIDE (__rel_iplt_end = .)

.relr.dyn
 *(.relr.dyn)
                0x08049000                        . = ALIGN (CONSTANT (MAXPAGESIZE))

.init
 *(SORT_NONE(.init))

.plt            0x08049000        0x0
 *(.plt)
 *(.iplt)
 .iplt          0x08049000        0x0 middlewares/main.o

.plt.got
 *(.plt.got)

.plt.sec
 *(.plt.sec)

.text           0xc0001500     0xd8d3
 *(.text.unlikely .text.*_unlikely .text.unlikely.*)
 *(.text.exit .text.exit.*)
 *(.text.startup .text.startup.*)
 *(.text.hot .text.hot.*)
 *(SORT_BY_NAME(.text.sorted.*))
 *(.text .stub .text.* .gnu.linkonce.t.*)
 .text          0xc0001500       0xc0 middlewares/main.o
                0xc0001500                main
                0xc0001546                init
 .text.__x86.get_pc_thunk.bx
                0xc00015c0        0x4 middlewares/main.o
                0xc00015c0                __x86.get_pc_thunk.bx
 .text          0xc00015c4       0x54 middlewares/init.o
                0xc00015c4                init_all
 .text          0xc0001618      0x52f middlewares/interrupt.o
                0xc00019ff                enable_intr
                0xc0001a32                disable_intr
                0xc0001a65                set_intr_state
                0xc0001a8d                intr_get_status
                0xc0001ab4                register_intr_handler
                0xc0001adb                idt_init
 .text.__x86.get_pc_thunk.ax
                0xc0001b47        0x4 middlewares/interrupt.o
                0xc0001b47                __x86.get_pc_thunk.ax
 .text          0xc0001b4b      0x250 middlewares/timer.o
                0xc0001cd1                mtime_sleep
                0xc0001d33                init_system_timer
 .text.__x86.get_pc_thunk.cx
                0xc0001d9b        0x4 middlewares/timer.o
                0xc0001d9b                __x86.get_pc_thunk.cx
 *fill*         0xc0001d9f        0x1 
 .text          0xc0001da0      0x55b middlewares/kernel.o
                0xc0001da0                intr_exit
                0xc00022d7                syscall_handler
 .text          0xc00022fb      0x143 middlewares/ccos_print.o
                0xc00022fb                ccos_set_console_cursor
                0xc0002393                early_console_init
                0xc00023cc                post_console_init
                0xc00023f7                pretty_write
                0xc000241e                verbose_write
                0xc000242e                verbose_write_int
 *fill*         0xc000243e        0x2 
 .text          0xc0002440      0x1dd middlewares/_ccos_print.o
                0xc0002440                __ccos_putchar
                0xc000251d                ccos_puts
                0xc000253b                __ccos_display_int
                0xc000259e                __ccos_set_console_cursor
                0xc00025d0                set_console_color
                0xc00025de                clean_screen
 .text          0xc000261d      0x13d middlewares/kernel_assert.o
                0xc000261d                kernel_die
 .text          0xc000275a     0x13f2 middlewares/memory.o
                0xc000288a                pte_ptr
                0xc00028c4                pde_ptr
                0xc0002a81                malloc_page
                0xc0002b5a                get_kernel_pages
                0xc0002bc8                get_user_pages
                0xc0002c36                get_a_page
                0xc0002dcf                get_a_page_without_opvaddrbitmap
                0xc0002e6a                addr_v2p
                0xc0002edb                sys_malloc
                0xc0003227                pfree
                0xc0003391                mfree_page
                0xc0003581                sys_free
                0xc00039c9                block_desc_init
                0xc0003a6d                free_a_phy_page
                0xc0003ae6                memory_management_init
 .text          0xc0003b4c      0x287 middlewares/bitmap.o
                0xc0003b4c                bitmap_init
                0xc0003b7f                bitmap_scan_test
                0xc0003bc5                bitmap_scan
                0xc0003d0b                bitmap_set
 .text          0xc0003dd3      0x4aa middlewares/string.o
                0xc0003dd3                memset
                0xc0003e3c                memcpy
                0xc0003eb3                memcmp
                0xc0003f4c                strcpy
                0xc0003fb7                strlen
                0xc0004014                strcmp
                0xc00040a3                strchr
                0xc0004111                strrchr
                0xc0004185                strcat
                0xc0004205                strchrs
 .text          0xc000427d      0xe0f middlewares/thread.o
                0xc000429f                running_thread
                0xc00043bd                release_pid
                0xc0004427                fork_pid
                0xc000443e                thread_create
                0xc00044c2                init_thread
                0xc00045df                thread_start
                0xc000477d                schedule
                0xc00048f8                thread_block
                0xc0004970                thread_unblock
                0xc0004a91                thread_yield
                0xc0004e1e                sys_ps
                0xc0004e79                thread_exit
                0xc0004f99                pid2thread
                0xc0004fe9                thread_init
 .text.__x86.get_pc_thunk.dx
                0xc000508c        0x4 middlewares/thread.o
                0xc000508c                __x86.get_pc_thunk.dx
 .text          0xc0005090      0x26c middlewares/list.o
                0xc0005090                list_init
                0xc00050c8                list_insert_before
                0xc0005124                list_push
                0xc000514c                list_append
                0xc0005174                list_remove
                0xc00051c5                list_pop
                0xc00051f1                elem_find
                0xc0005236                list_traversal
                0xc000529d                list_len
                0xc00052dc                list_empty
 *fill*         0xc00052fc        0x4 
 .text          0xc0005300       0x15 middlewares/switch_thread.o
                0xc0005300                switch_to
 .text          0xc0005315      0x119 middlewares/console_tty.o
                0xc0005315                console_init
                0xc0005340                console_acquire
                0xc000536b                console_release
                0xc0005396                console_ccos_puts
                0xc00053c6                console__ccos_putchar
                0xc00053fe                console__ccos_display_int
 .text          0xc000542e      0x38f middlewares/lock.o
                0xc000542e                sema_init
                0xc0005468                lock_init
                0xc00054a2                sema_down
                0xc00055be                sema_up
                0xc0005688                lock_acquire
                0xc000570e                lock_release
 .text          0xc00057bd      0x314 middlewares/keyboard.o
                0xc0005a6f                keyboard_init
 .text          0xc0005ad1      0x414 middlewares/ioqueue.o
                0xc0005ad1                init_IOQueue
                0xc0005b59                ioq_full
                0xc0005bbd                ioq_empty
                0xc0005cca                ioq_getchar
                0xc0005da1                ioq_putchar
                0xc0005e7c                ioq_length
 .text          0xc0005ee5      0x1b2 middlewares/tss.o
                0xc0005ee5                update_tss_esp
                0xc0005f76                tss_init
 .text          0xc0006097      0x3e2 middlewares/process.o
                0xc0006097                start_process
                0xc00061ab                page_dir_activate
                0xc00061f0                process_activate
                0xc0006253                create_page_dir
                0xc00062dc                create_user_vaddr_bitmap
                0xc0006335                process_execute
 .text          0xc0006479      0x453 middlewares/syscall.o
                0xc0006479                getpid
                0xc0006498                write
                0xc00064c4                malloc
                0xc00064ec                free
                0xc0006512                fork
                0xc0006531                read
                0xc000655d                putchar
                0xc000658a                clear
                0xc00065a7                getcwd
                0xc00065d2                open
                0xc0006604                close
                0xc000662c                lseek
                0xc000665f                unlink
                0xc0006687                mkdir
                0xc00066af                opendir
                0xc00066d7                closedir
                0xc00066ff                rmdir
                0xc0006727                readdir
                0xc000674f                rewinddir
                0xc0006775                stat
                0xc00067a0                chdir
                0xc00067c8                ps
                0xc00067e5                execv
                0xc0006810                exit
                0xc0006836                wait
                0xc000685e                pipe
                0xc0006886                fd_redirect
                0xc00068af                help
 .text          0xc00068cc      0x1ae middlewares/syscall-init.o
                0xc00068cc                sys_getpid
                0xc00068ee                syscall_init
 .text          0xc0006a7a      0x2d7 middlewares/stdio.o
                0xc0006b0b                vsprintf
                0xc0006c99                sprintf
                0xc0006cd3                printf
 .text          0xc0006d51      0xed4 middlewares/ide.o
                0xc00070cf                ide_read
                0xc0007264                ide_write
                0xc000791b                intr_hd_handler
                0xc00079f1                ide_init
 .text          0xc0007c25       0x7a middlewares/stdio-kernel.o
                0xc0007c25                printk
                0xc0007c8f                verbose_printk
 .text          0xc0007c9f     0x24b7 middlewares/fs.o
                0xc000834c                path_parse
                0xc00083b5                path_depth_cnt
                0xc00086fc                sys_open
                0xc000897b                fd_local2global
                0xc00089db                sys_close
                0xc0008b00                sys_write
                0xc0008c56                sys_read
                0xc0008db6                sys_lseek
                0xc0008ebf                sys_unlink
                0xc0009119                sys_mkdir
                0xc0009536                sys_opendir
                0xc0009661                sys_closedir
                0xc000969e                sys_readdir
                0xc00096eb                sys_rewinddir
                0xc0009705                sys_rmdir
                0xc0009adc                sys_getcwd
                0xc0009cef                sys_chdir
                0xc0009d8d                sys_stat
                0xc0009ed2                sys_putchar
                0xc0009f04                sys_help
                0xc0009f2f                filesys_init
 .text          0xc000a156      0x7af middlewares/inode.o
                0xc000a200                inode_sync
                0xc000a33a                inode_open
                0xc000a490                inode_close
                0xc000a51b                inode_delete
                0xc000a649                inode_release
                0xc000a8a7                inode_init
 .text          0xc000a905     0x12b1 middlewares/file.o
                0xc000a905                get_free_slot_in_global
                0xc000a970                pcb_fd_install
                0xc000a9ee                inode_bitmap_alloc
                0xc000aa44                block_bitmap_alloc
                0xc000aaa5                bitmap_sync
                0xc000ab3e                file_create
                0xc000ae40                file_open
                0xc000af72                file_close
                0xc000afc2                file_write
                0xc000b7d7                file_read
 .text          0xc000bbb6      0xf3e middlewares/dir.o
                0xc000bbb6                open_root_dir
                0xc000bbf6                dir_open
                0xc000bc43                search_dir_entry
                0xc000be25                dir_close
                0xc000be69                create_dir_entry
                0xc000beed                sync_dir_entry
                0xc000c348                delete_dir_entry
                0xc000c7db                dir_read
                0xc000c9df                dir_is_empty
                0xc000ca14                dir_remove
 .text          0xc000caf4      0x592 middlewares/fork.o
                0xc000cf3b                sys_fork
 .text          0xc000d086      0x821 middlewares/shell.o
                0xc000d086                print_prompt
                0xc000d5fc                ccos_baseshell
 .text          0xc000d8a7       0x34 middlewares/user_assert.o
                0xc000d8a7                user_spin
 .text          0xc000d8db      0xa11 middlewares/buildin_cmd.o
                0xc000da6a                make_clear_abs_path
                0xc000db33                buildin_pwd
                0xc000dbac                buildin_cd
                0xc000dc55                buildin_ls
                0xc000e055                buildin_ps
                0xc000e08e                buildin_clear
                0xc000e0c7                buildin_mkdir
                0xc000e174                buildin_rmdir
                0xc000e221                buildin_rm
                0xc000e2ce                buildin_help
 .text          0xc000e2ec      0x360 middlewares/exec.o
                0xc000e599                sys_execv
 .text          0xc000e64c      0x4af middlewares/wait_exit.o
                0xc000e961                sys_wait
                0xc000ea2b                sys_exit
 .text          0xc000eafb      0x2d8 middlewares/pipe.o
                0xc000eafb                is_pipe
                0xc000eb44                sys_pipe
                0xc000ec3c                pipe_read
                0xc000ecd5                pipe_write
                0xc000ed7a                sys_fd_redirect
 *(.gnu.warning)

.fini
 *(SORT_NONE(.fini))
                [!provide]                        PROVIDE (__etext = .)
                [!provide]                        PROVIDE (_etext = .)
                [!provide]                        PROVIDE (etext = .)
                0xc000f000                        . = ALIGN (CONSTANT (MAXPAGESIZE))
                0xc000f000                        . = SEGMENT_START ("rodata-segment", (ALIGN (CONSTANT (MAXPAGESIZE)) + (. & (CONSTANT (MAXPAGESIZE) - 0x1))))

.rodata         0xc000f000     0x2cfd
 *(.rodata .rodata.* .gnu.linkonce.r.*)
 .rodata        0xc000f000       0x69 middlewares/main.o
 *fill*         0xc000f069        0x3 
 .rodata        0xc000f06c      0x2f5 middlewares/interrupt.o
 *fill*         0xc000f361        0x3 
 .rodata        0xc000f364       0x98 middlewares/timer.o
 .rodata        0xc000f3fc      0x15d middlewares/ccos_print.o
 *fill*         0xc000f559        0x3 
 .rodata        0xc000f55c       0xec middlewares/kernel_assert.o
 .rodata        0xc000f648      0x3d5 middlewares/memory.o
 *fill*         0xc000fa1d        0x3 
 .rodata        0xc000fa20       0x6f middlewares/bitmap.o
 *fill*         0xc000fa8f        0x1 
 .rodata        0xc000fa90       0xcc middlewares/string.o
 .rodata        0xc000fb5c      0x3e0 middlewares/thread.o
 .rodata        0xc000ff3c      0x13d middlewares/lock.o
 .rodata        0xc0010079       0x36 middlewares/keyboard.o
 *fill*         0xc00100af        0x1 
 .rodata        0xc00100b0       0xb0 middlewares/ioqueue.o
 .rodata        0xc0010160       0x27 middlewares/tss.o
 *fill*         0xc0010187        0x1 
 .rodata        0xc0010188       0xe8 middlewares/process.o
 .rodata        0xc0010270       0x27 middlewares/syscall-init.o
 *fill*         0xc0010297        0x1 
 .rodata        0xc0010298      0x205 middlewares/ide.o
 *fill*         0xc001049d        0x3 
 .rodata        0xc00104a0      0xad5 middlewares/fs.o
 *fill*         0xc0010f75        0x3 
 .rodata        0xc0010f78       0xd2 middlewares/inode.o
 *fill*         0xc001104a        0x2 
 .rodata        0xc001104c      0x432 middlewares/file.o
 *fill*         0xc001147e        0x2 
 .rodata        0xc0011480      0x21f middlewares/dir.o
 *fill*         0xc001169f        0x1 
 .rodata        0xc00116a0      0x109 middlewares/fork.o
 *fill*         0xc00117a9        0x3 
 .rodata        0xc00117ac      0x1c0 middlewares/shell.o
 .rodata        0xc001196c       0x32 middlewares/user_assert.o
 *fill*         0xc001199e        0x2 
 .rodata        0xc00119a0      0x306 middlewares/buildin_cmd.o
 .rodata        0xc0011ca6        0x8 middlewares/exec.o
 *fill*         0xc0011cae        0x2 
 .rodata        0xc0011cb0       0x4d middlewares/wait_exit.o

.rodata1
 *(.rodata1)

.eh_frame_hdr
 *(.eh_frame_hdr)
 *(.eh_frame_entry .eh_frame_entry.*)

.eh_frame       0xc0011d00     0x26b8
 *(.eh_frame)
 .eh_frame      0xc0011d00       0x84 middlewares/main.o
 .eh_frame      0xc0011d84       0x24 middlewares/init.o
                                 0x50 (size before relaxing)
 .eh_frame      0xc0011da8      0x1a4 middlewares/interrupt.o
                                0x1d0 (size before relaxing)
 .eh_frame      0xc0011f4c       0xf0 middlewares/timer.o
                                0x130 (size before relaxing)
 .eh_frame      0xc001203c       0xd0 middlewares/ccos_print.o
                                0x110 (size before relaxing)
 .eh_frame      0xc001210c       0x1c middlewares/kernel_assert.o
                                 0x48 (size before relaxing)
 .eh_frame      0xc0012128      0x324 middlewares/memory.o
                                0x364 (size before relaxing)
 .eh_frame      0xc001244c       0x8c middlewares/bitmap.o
                                 0xb8 (size before relaxing)
 .eh_frame      0xc00124d8      0x168 middlewares/string.o
                                0x194 (size before relaxing)
 .eh_frame      0xc0012640      0x314 middlewares/thread.o
                                0x354 (size before relaxing)
 .eh_frame      0xc0012954      0x148 middlewares/list.o
                                0x188 (size before relaxing)
 .eh_frame      0xc0012a9c       0xd8 middlewares/console_tty.o
                                0x118 (size before relaxing)
 .eh_frame      0xc0012b74       0xdc middlewares/lock.o
                                0x11c (size before relaxing)
 .eh_frame      0xc0012c50       0x68 middlewares/keyboard.o
                                 0xa8 (size before relaxing)
 .eh_frame      0xc0012cb8      0x13c middlewares/ioqueue.o
                                0x17c (size before relaxing)
 .eh_frame      0xc0012df4       0x6c middlewares/tss.o
                                 0xac (size before relaxing)
 .eh_frame      0xc0012e60       0xd8 middlewares/process.o
                                0x118 (size before relaxing)
 .eh_frame      0xc0012f38      0x3dc middlewares/syscall.o
                                0x408 (size before relaxing)
 .eh_frame      0xc0013314       0x48 middlewares/syscall-init.o
                                 0x88 (size before relaxing)
 .eh_frame      0xc001335c       0x90 middlewares/stdio.o
                                 0xd0 (size before relaxing)
 .eh_frame      0xc00133ec      0x27c middlewares/ide.o
                                0x2bc (size before relaxing)
 .eh_frame      0xc0013668       0x48 middlewares/stdio-kernel.o
                                 0x88 (size before relaxing)
 .eh_frame      0xc00136b0      0x3e0 middlewares/fs.o
                                0x420 (size before relaxing)
 .eh_frame      0xc0013a90      0x100 middlewares/inode.o
                                0x140 (size before relaxing)
 .eh_frame      0xc0013b90      0x178 middlewares/file.o
                                0x1cc (size before relaxing)
 .eh_frame      0xc0013d08      0x17c middlewares/dir.o
                                0x1bc (size before relaxing)
 .eh_frame      0xc0013e84       0xd8 middlewares/fork.o
                                0x118 (size before relaxing)
 .eh_frame      0xc0013f5c       0xac middlewares/shell.o
                                 0xec (size before relaxing)
 .eh_frame      0xc0014008       0x1c middlewares/user_assert.o
                                 0x48 (size before relaxing)
 .eh_frame      0xc0014024      0x19c middlewares/buildin_cmd.o
                                0x1dc (size before relaxing)
 .eh_frame      0xc00141c0       0x6c middlewares/exec.o
                                 0x98 (size before relaxing)
 .eh_frame      0xc001422c       0xd4 middlewares/wait_exit.o
                                0x114 (size before relaxing)
 .eh_frame      0xc0014300       0xb8 middlewares/pipe.o
                                 0xf8 (size before relaxing)
 *(.eh_frame.*)

.sframe
 *(.sframe)
 *(.sframe.*)

.gcc_except_table
 *(.gcc_except_table .gcc_except_table.*)

.gnu_extab
 *(.gnu_extab*)

.exception_ranges
 *(.exception_ranges*)
                0xc0015ff4                        . = DATA_SEGMENT_ALIGN (CONSTANT (MAXPAGESIZE), CONSTANT (COMMONPAGESIZE))

.eh_frame
 *(.eh_frame)
 *(.eh_frame.*)

.sframe
 *(.sframe)
 *(.sframe.*)

.gnu_extab
 *(.gnu_extab)

.gcc_except_table
 *(.gcc_except_table .gcc_except_table.*)

.exception_ranges
 *(.exception_ranges*)

.tdata          0xc0015ff4        0x0
                [!provide]                        PROVIDE (__tdata_start = .)
 *(.tdata .tdata.* .gnu.linkonce.td.*)

.tbss
 *(.tbss .tbss.* .gnu.linkonce.tb.*)
 *(.tcommon)

.preinit_array  0xc0015ff4        0x0
                [!provide]                        PROVIDE (__preinit_array_start = .)
 *(.preinit_array)
                [!provide]                        PROVIDE (__preinit_array_end = .)

.init_array     0xc0015ff4        0x0
                [!provide]                        PROVIDE (__init_array_start = .)
 *(SORT_BY_INIT_PRIORITY(.init_array.*) SORT_BY_INIT_PRIORITY(.ctors.*))
 *(.init_array EXCLUDE_FILE(*crtend?.o *crtend.o *crtbegin?.o *crtbegin.o) .ctors)
                [!provide]                        PROVIDE (__init_array_end = .)

.fini_array     0xc0015ff4        0x0
                [!provide]                        PROVIDE (__fini_array_start = .)
 *(SORT_BY_INIT_PRIORITY(.fini_array.*) SORT_BY_INIT_PRIORITY(.dtors.*))
 *(.fini_array EXCLUDE_FILE(*crtend?.o *crtend.o *crtbegin?.o *crtbegin.o) .dtors)
                [!provide]                        PROVIDE (__fini_array_end = .)

.ctors
 *crtbegin.o(.ctors)
 *crtbegin?.o(.ctors)
 *(EXCLUDE_FILE(*crtend?.o *crtend.o) .ctors)
 *(SORT_BY_NAME(.ctors.*))
 *(.ctors)

.dtors
 *crtbegin.o(.dtors)
 *crtbegin?.o(.dtors)
 *(EXCLUDE_FILE(*crtend?.o *crtend.o) .dtors)
 *(SORT_BY_NAME(.dtors.*))
 *(.dtors)

.jcr
 *(.jcr)

.data.rel.ro
 *(.data.rel.ro.local* .gnu.linkonce.d.rel.ro.local.*)
 *(.data.rel.ro .data.rel.ro.* .gnu.linkonce.d.rel.ro.*)

.dynamic
 *(.dynamic)

.got            0xc0015ff4        0x0
 *(.got)
 .got           0xc0015ff4        0x0 middlewares/main.o
 *(.igot)
                0xc0015ff4                        . = DATA_SEGMENT_RELRO_END (., (SIZEOF (.got.plt) >= 0xc)?0xc:0x0)

.got.plt        0xc0015ff4        0xc
 *(.got.plt)
 .got.plt       0xc0015ff4        0xc middlewares/main.o
                0xc0015ff4                _GLOBAL_OFFSET_TABLE_
 *(.igot.plt)
 .igot.plt      0xc0016000        0x0 middlewares/main.o

.data           0xc0016000      0x15c
 *(.data .data.* .gnu.linkonce.d.*)
 .data          0xc0016000        0x0 middlewares/main.o
 .data          0xc0016000        0x0 middlewares/init.o
 .data          0xc0016000        0x0 middlewares/interrupt.o
 .data          0xc0016000        0x0 middlewares/timer.o
 .data          0xc0016000       0xc0 middlewares/kernel.o
                0xc0016000                intr_entry_table
 .data          0xc00160c0        0x0 middlewares/ccos_print.o
 .data          0xc00160c0        0x9 middlewares/_ccos_print.o
                0xc00160c8                __ccos_internal_style_sheet
 .data          0xc00160c9        0x0 middlewares/kernel_assert.o
 .data          0xc00160c9        0x0 middlewares/memory.o
 .data          0xc00160c9        0x0 middlewares/bitmap.o
 .data          0xc00160c9        0x0 middlewares/string.o
 .data          0xc00160c9        0x0 middlewares/thread.o
 .data          0xc00160c9        0x0 middlewares/list.o
 .data          0xc00160c9        0x0 middlewares/console_tty.o
 .data          0xc00160c9        0x0 middlewares/lock.o
 *fill*         0xc00160c9       0x17 
 .data          0xc00160e0       0x76 middlewares/keyboard.o
 .data          0xc0016156        0x0 middlewares/ioqueue.o
 .data          0xc0016156        0x0 middlewares/tss.o
 .data          0xc0016156        0x0 middlewares/process.o
 .data          0xc0016156        0x0 middlewares/syscall.o
 .data          0xc0016156        0x0 middlewares/syscall-init.o
 .data          0xc0016156        0x0 middlewares/stdio.o
 .data          0xc0016156        0x0 middlewares/ide.o
 .data          0xc0016156        0x0 middlewares/stdio-kernel.o
 .data          0xc0016156        0x0 middlewares/fs.o
 .data          0xc0016156        0x0 middlewares/inode.o
 .data          0xc0016156        0x0 middlewares/file.o
 .data          0xc0016156        0x0 middlewares/dir.o
 .data          0xc0016156        0x0 middlewares/fork.o
 *fill*         0xc0016156        0x2 
 .data          0xc0016158        0x4 middlewares/shell.o
                0xc0016158                argc
 .data          0xc001615c        0x0 middlewares/user_assert.o
 .data          0xc001615c        0x0 middlewares/buildin_cmd.o
 .data          0xc001615c        0x0 middlewares/exec.o
 .data          0xc001615c        0x0 middlewares/wait_exit.o
 .data          0xc001615c        0x0 middlewares/pipe.o

.data1
 *(.data1)
                0xc001615c                        _edata = .
                [!provide]                        PROVIDE (edata = .)
                0xc001615c                        . = ALIGN (ALIGNOF (NEXT_SECTION))
                0xc0016160                        __bss_start = .

.bss            0xc0016160     0x2ac0
 *(.dynbss)
 *(.bss .bss.* .gnu.linkonce.b.*)
 .bss           0xc0016160        0x0 middlewares/main.o
 .bss           0xc0016160        0x0 middlewares/init.o
 .bss           0xc0016160      0x848 middlewares/interrupt.o
                0xc0016160                interrupt_name
                0xc0016380                idt_table
 .bss           0xc00169a8        0x4 middlewares/timer.o
                0xc00169a8                ticks
 .bss           0xc00169ac        0x0 middlewares/ccos_print.o
 .bss           0xc00169ac        0x0 middlewares/kernel_assert.o
 *fill*         0xc00169ac       0x14 
 .bss           0xc00169c0      0x138 middlewares/memory.o
                0xc00169c0                k_block_descs
                0xc0016a80                kernel_pool
                0xc0016ac0                user_pool
                0xc0016aec                kernel_vaddr
 .bss           0xc0016af8        0x0 middlewares/bitmap.o
 .bss           0xc0016af8        0x0 middlewares/string.o
 *fill*         0xc0016af8        0x8 
 .bss           0xc0016b00       0xd4 middlewares/thread.o
                0xc0016b00                pid_bitmap_bits
                0xc0016b80                pid_pool
                0xc0016ba8                main_thread
                0xc0016bac                idle_thread
                0xc0016bb0                thread_ready_list
                0xc0016bc0                thread_all_list
 .bss           0xc0016bd4        0x0 middlewares/list.o
 .bss           0xc0016bd4       0x1c middlewares/console_tty.o
 .bss           0xc0016bf0        0x0 middlewares/lock.o
 *fill*         0xc0016bf0       0x10 
 .bss           0xc0016c00      0x831 middlewares/keyboard.o
                0xc0016c00                keyboard_ringbuffer
 .bss           0xc0017431        0x0 middlewares/ioqueue.o
 *fill*         0xc0017431        0xf 
 .bss           0xc0017440       0x6c middlewares/tss.o
 .bss           0xc00174ac        0x0 middlewares/process.o
 .bss           0xc00174ac        0x0 middlewares/syscall.o
 *fill*         0xc00174ac       0x14 
 .bss           0xc00174c0       0x80 middlewares/syscall-init.o
                0xc00174c0                syscall_table
 .bss           0xc0017540        0x0 middlewares/stdio.o
 .bss           0xc0017540      0xcf8 middlewares/ide.o
                0xc0017540                channel_cnt
                0xc0017560                channels
                0xc0018220                ext_lba_base
                0xc0018224                p_no
                0xc0018225                l_no
                0xc0018228                partition_list
 .bss           0xc0018238        0x0 middlewares/stdio-kernel.o
 .bss           0xc0018238        0x4 middlewares/fs.o
                0xc0018238                cur_part
 .bss           0xc001823c        0x0 middlewares/inode.o
 *fill*         0xc001823c        0x4 
 .bss           0xc0018240      0x180 middlewares/file.o
                0xc0018240                file_table
 .bss           0xc00183c0      0x208 middlewares/dir.o
                0xc00183c0                root_dir
 .bss           0xc00185c8        0x0 middlewares/fork.o
 *fill*         0xc00185c8       0x18 
 .bss           0xc00185e0      0x640 middlewares/shell.o
                0xc00185e0                final_path
                0xc00187e0                cwd_cache
                0xc00189e0                argv
 .bss           0xc0018c20        0x0 middlewares/user_assert.o
 .bss           0xc0018c20        0x0 middlewares/buildin_cmd.o
 .bss           0xc0018c20        0x0 middlewares/exec.o
 .bss           0xc0018c20        0x0 middlewares/wait_exit.o
 .bss           0xc0018c20        0x0 middlewares/pipe.o
 *(COMMON)
                0xc0018c20                        . = ALIGN ((. != 0x0)?0x4:0x1)
                0xc0018c20                        . = ALIGN (0x4)
                0xc0018c20                        . = SEGMENT_START ("ldata-segment", .)
                0xc0018c20                        . = ALIGN (0x4)
                0xc0018c20                        _end = .
                [!provide]                        PROVIDE (end = .)
                0xc0018c20                        . = DATA_SEGMENT_END (.)

.stab
 *(.stab)

.stabstr
 *(.stabstr)

.stab.excl
 *(.stab.excl)

.stab.exclstr
 *(.stab.exclstr)

.stab.index
 *(.stab.index)

.stab.indexstr
 *(.stab.indexstr)

.comment        0x00000000       0x2b
 *(.comment)
 .comment       0x00000000       0x2b middlewares/main.o
                                 0x2c (size before relaxing)
 .comment       0x0000002b       0x2c middlewares/init.o
 .comment       0x0000002b       0x2c middlewares/interrupt.o
 .comment       0x0000002b       0x2c middlewares/timer.o
 .comment       0x0000002b       0x2c middlewares/ccos_print.o
 .comment       0x0000002b       0x2c middlewares/kernel_assert.o
 .comment       0x0000002b       0x2c middlewares/memory.o
 .comment       0x0000002b       0x2c middlewares/bitmap.o
 .comment       0x0000002b       0x2c middlewares/string.o
 .comment       0x0000002b       0x2c middlewares/thread.o
 .comment       0x0000002b       0x2c middlewares/list.o
 .comment       0x0000002b       0x2c middlewares/console_tty.o
 .comment       0x0000002b       0x2c middlewares/lock.o
 .comment       0x0000002b       0x2c middlewares/keyboard.o
 .comment       0x0000002b       0x2c middlewares/ioqueue.o
 .comment       0x0000002b       0x2c middlewares/tss.o
 .comment       0x0000002b       0x2c middlewares/process.o
 .comment       0x0000002b       0x2c middlewares/syscall.o
 .comment       0x0000002b       0x2c middlewares/syscall-init.o
 .comment       0x0000002b       0x2c middlewares/stdio.o
 .comment       0x0000002b       0x2c middlewares/ide.o
 .comment       0x0000002b       0x2c middlewares/stdio-kernel.o
 .comment       0x0000002b       0x2c middlewares/fs.o
 .comment       0x0000002b       0x2c middlewares/inode.o
 .comment       0x0000002b       0x2c middlewares/file.o
 .comment       0x0000002b       0x2c middlewares/dir.o
 .comment       0x0000002b       0x2c middlewares/fork.o
 .comment       0x0000002b       0x2c middlewares/shell.o
 .comment       0x0000002b       0x2c middlewares/user_assert.o
 .comment       0x0000002b       0x2c middlewares/buildin_cmd.o
 .comment       0x0000002b       0x2c middlewares/exec.o
 .comment       0x0000002b       0x2c middlewares/wait_exit.o
 .comment       0x0000002b       0x2c middlewares/pipe.o

.gnu.build.attributes
 *(.gnu.build.attributes .gnu.build.attributes.*)

.debug
 *(.debug)

.line
 *(.line)

.debug_srcinfo
 *(.debug_srcinfo)

.debug_sfnames
 *(.debug_sfnames)

.debug_aranges
 *(.debug_aranges)

.debug_pubnames
 *(.debug_pubnames)

.debug_info
 *(.debug_info .gnu.linkonce.wi.*)

.debug_abbrev
 *(.debug_abbrev)

.debug_line
 *(.debug_line .debug_line.* .debug_line_end)

.debug_frame
 *(.debug_frame)

.debug_str
 *(.debug_str)

.debug_loc
 *(.debug_loc)

.debug_macinfo
 *(.debug_macinfo)

.debug_weaknames
 *(.debug_weaknames)

.debug_funcnames
 *(.debug_funcnames)

.debug_typenames
 *(.debug_typenames)

.debug_varnames
 *(.debug_varnames)

.debug_pubtypes
 *(.debug_pubtypes)

.debug_ranges
 *(.debug_ranges)

.debug_addr
 *(.debug_addr)

.debug_line_str
 *(.debug_line_str)

.debug_loclists
 *(.debug_loclists)

.debug_macro
 *(.debug_macro)

.debug_names
 *(.debug_names)

.debug_rnglists
 *(.debug_rnglists)

.debug_str_offsets
 *(.debug_str_offsets)

.debug_sup
 *(.debug_sup)

.gnu.attributes
 *(.gnu.attributes)

/DISCARD/
 *(.note.GNU-stack)
 *(.gnu_debuglink)
 *(.gnu.lto_*)
OUTPUT(middlewares/kernel.bin elf32-i386)
