
Discarded input sections

 .group         0x00000000        0x8 middleware/main.o
 .note.GNU-stack
                0x00000000        0x0 middleware/main.o
 .group         0x00000000        0x8 middleware/init.o
 .text.__x86.get_pc_thunk.bx
                0x00000000        0x4 middleware/init.o
 .note.GNU-stack
                0x00000000        0x0 middleware/init.o
 .group         0x00000000        0x8 middleware/ccos_print.o
 .group         0x00000000        0x8 middleware/ccos_print.o
 .text.__x86.get_pc_thunk.bx
                0x00000000        0x4 middleware/ccos_print.o
 .note.GNU-stack
                0x00000000        0x0 middleware/ccos_print.o
 .group         0x00000000        0x8 middleware/pci.o
 .group         0x00000000        0x8 middleware/pci.o
 .text.__x86.get_pc_thunk.ax
                0x00000000        0x4 middleware/pci.o
 .text.__x86.get_pc_thunk.bx
                0x00000000        0x4 middleware/pci.o
 .note.GNU-stack
                0x00000000        0x0 middleware/pci.o
 .group         0x00000000        0x8 middleware/interrupt.o
 .group         0x00000000        0x8 middleware/interrupt.o
 .text.__x86.get_pc_thunk.ax
                0x00000000        0x4 middleware/interrupt.o
 .text.__x86.get_pc_thunk.bx
                0x00000000        0x4 middleware/interrupt.o
 .note.GNU-stack
                0x00000000        0x0 middleware/interrupt.o

Memory Configuration

Name             Origin             Length             Attributes
*default*        0x00000000         0xffffffff

Linker script and memory map

Address of section .text set to 0xc0001500
LOAD middleware/main.o
LOAD middleware/init.o
LOAD middleware/ccos_print.o
LOAD middleware/_ccos_print.o
LOAD middleware/_interrupt_asm.o
LOAD middleware/pci.o
LOAD middleware/interrupt.o
                [!provide]                        PROVIDE (__executable_start = SEGMENT_START ("text-segment", 0x8048000))
                0x080480f4                        . = (SEGMENT_START ("text-segment", 0x8048000) + SIZEOF_HEADERS)

.interp
 *(.interp)

.note.gnu.build-id
 *(.note.gnu.build-id)

.hash
 *(.hash)

.gnu.hash
 *(.gnu.hash)

.dynsym
 *(.dynsym)

.dynstr
 *(.dynstr)

.gnu.version
 *(.gnu.version)

.gnu.version_d
 *(.gnu.version_d)

.gnu.version_r
 *(.gnu.version_r)

.rel.dyn        0x080480f4        0x0
 *(.rel.init)
 *(.rel.text .rel.text.* .rel.gnu.linkonce.t.*)
 *(.rel.fini)
 *(.rel.rodata .rel.rodata.* .rel.gnu.linkonce.r.*)
 *(.rel.data.rel.ro .rel.data.rel.ro.* .rel.gnu.linkonce.d.rel.ro.*)
 *(.rel.data .rel.data.* .rel.gnu.linkonce.d.*)
 *(.rel.tdata .rel.tdata.* .rel.gnu.linkonce.td.*)
 *(.rel.tbss .rel.tbss.* .rel.gnu.linkonce.tb.*)
 *(.rel.ctors)
 *(.rel.dtors)
 *(.rel.got)
 .rel.got       0x080480f4        0x0 middleware/main.o
 *(.rel.bss .rel.bss.* .rel.gnu.linkonce.b.*)
 *(.rel.ifunc)

.rel.plt        0x080480f4        0x0
 *(.rel.plt)
                [!provide]                        PROVIDE (__rel_iplt_start = .)
 *(.rel.iplt)
 .rel.iplt      0x080480f4        0x0 middleware/main.o
                [!provide]                        PROVIDE (__rel_iplt_end = .)

.relr.dyn
 *(.relr.dyn)
                0x08049000                        . = ALIGN (CONSTANT (MAXPAGESIZE))

.init
 *(SORT_NONE(.init))

.plt            0x08049000        0x0
 *(.plt)
 *(.iplt)
 .iplt          0x08049000        0x0 middleware/main.o

.plt.got
 *(.plt.got)

.plt.sec
 *(.plt.sec)

.text           0xc0001500      0x924
 *(.text.unlikely .text.*_unlikely .text.unlikely.*)
 *(.text.exit .text.exit.*)
 *(.text.startup .text.startup.*)
 *(.text.hot .text.hot.*)
 *(SORT_BY_NAME(.text.sorted.*))
 *(.text .stub .text.* .gnu.linkonce.t.*)
 .text          0xc0001500       0x1f middleware/main.o
                0xc0001500                main
 .text.__x86.get_pc_thunk.bx
                0xc000151f        0x4 middleware/main.o
                0xc000151f                __x86.get_pc_thunk.bx
 .text          0xc0001523       0x50 middleware/init.o
                0xc0001523                init_all
 .text          0xc0001573      0x115 middleware/ccos_print.o
                0xc0001573                ccos_set_console_cursor
                0xc000160b                verbose_ccputchar
                0xc000163a                verbose_ccputs
                0xc0001661                verbose_ccint
 .text.__x86.get_pc_thunk.ax
                0xc0001688        0x4 middleware/ccos_print.o
                0xc0001688                __x86.get_pc_thunk.ax
 *fill*         0xc000168c        0x4 
 .text          0xc0001690      0x1dd middleware/_ccos_print.o
                0xc0001690                __ccos_putchar
                0xc000176d                ccos_puts
                0xc000178b                __ccos_display_int
                0xc00017ee                __ccos_set_console_cursor
                0xc0001820                set_console_color
                0xc000182e                clean_screen
 *fill*         0xc000186d        0x3 
 .text          0xc0001870      0x32e middleware/_interrupt_asm.o
 .text          0xc0001b9e      0x110 middleware/pci.o
                0xc0001bc7                pci_init
 .text          0xc0001cae      0x176 middleware/interrupt.o
                0xc0001db7                init_idt
                0xc0001e02                sti
                0xc0001e13                cli
 *(.gnu.warning)

.fini
 *(SORT_NONE(.fini))
                [!provide]                        PROVIDE (__etext = .)
                [!provide]                        PROVIDE (_etext = .)
                [!provide]                        PROVIDE (etext = .)
                0xc0002000                        . = ALIGN (CONSTANT (MAXPAGESIZE))
                0xc0002000                        . = SEGMENT_START ("rodata-segment", (ALIGN (CONSTANT (MAXPAGESIZE)) + (. & (CONSTANT (MAXPAGESIZE) - 0x1))))

.rodata         0xc0002000       0xf2
 *(.rodata .rodata.* .gnu.linkonce.r.*)
 .rodata        0xc0002000       0x3b middleware/init.o
 .rodata        0xc000203b       0x32 middleware/pci.o
 *fill*         0xc000206d        0x3 
 .rodata        0xc0002070       0x82 middleware/interrupt.o

.rodata1
 *(.rodata1)

.eh_frame_hdr
 *(.eh_frame_hdr)
 *(.eh_frame_entry .eh_frame_entry.*)

.eh_frame       0xc00020f4      0x21c
 *(.eh_frame)
 .eh_frame      0xc00020f4       0x48 middleware/main.o
 .eh_frame      0xc000213c       0x24 middleware/init.o
                                 0x50 (size before relaxing)
 .eh_frame      0xc0002160       0xa4 middleware/ccos_print.o
                                 0xd0 (size before relaxing)
 .eh_frame      0xc0002204       0x44 middleware/pci.o
                                 0x84 (size before relaxing)
 .eh_frame      0xc0002248       0xc8 middleware/interrupt.o
                                0x108 (size before relaxing)
 *(.eh_frame.*)

.sframe
 *(.sframe)
 *(.sframe.*)

.gcc_except_table
 *(.gcc_except_table .gcc_except_table.*)

.gnu_extab
 *(.gnu_extab*)

.exception_ranges
 *(.exception_ranges*)
                0xc0003ff4                        . = DATA_SEGMENT_ALIGN (CONSTANT (MAXPAGESIZE), CONSTANT (COMMONPAGESIZE))

.eh_frame
 *(.eh_frame)
 *(.eh_frame.*)

.sframe
 *(.sframe)
 *(.sframe.*)

.gnu_extab
 *(.gnu_extab)

.gcc_except_table
 *(.gcc_except_table .gcc_except_table.*)

.exception_ranges
 *(.exception_ranges*)

.tdata          0xc0003ff4        0x0
                [!provide]                        PROVIDE (__tdata_start = .)
 *(.tdata .tdata.* .gnu.linkonce.td.*)

.tbss
 *(.tbss .tbss.* .gnu.linkonce.tb.*)
 *(.tcommon)

.preinit_array  0xc0003ff4        0x0
                [!provide]                        PROVIDE (__preinit_array_start = .)
 *(.preinit_array)
                [!provide]                        PROVIDE (__preinit_array_end = .)

.init_array     0xc0003ff4        0x0
                [!provide]                        PROVIDE (__init_array_start = .)
 *(SORT_BY_INIT_PRIORITY(.init_array.*) SORT_BY_INIT_PRIORITY(.ctors.*))
 *(.init_array EXCLUDE_FILE(*crtend?.o *crtend.o *crtbegin?.o *crtbegin.o) .ctors)
                [!provide]                        PROVIDE (__init_array_end = .)

.fini_array     0xc0003ff4        0x0
                [!provide]                        PROVIDE (__fini_array_start = .)
 *(SORT_BY_INIT_PRIORITY(.fini_array.*) SORT_BY_INIT_PRIORITY(.dtors.*))
 *(.fini_array EXCLUDE_FILE(*crtend?.o *crtend.o *crtbegin?.o *crtbegin.o) .dtors)
                [!provide]                        PROVIDE (__fini_array_end = .)

.ctors
 *crtbegin.o(.ctors)
 *crtbegin?.o(.ctors)
 *(EXCLUDE_FILE(*crtend?.o *crtend.o) .ctors)
 *(SORT_BY_NAME(.ctors.*))
 *(.ctors)

.dtors
 *crtbegin.o(.dtors)
 *crtbegin?.o(.dtors)
 *(EXCLUDE_FILE(*crtend?.o *crtend.o) .dtors)
 *(SORT_BY_NAME(.dtors.*))
 *(.dtors)

.jcr
 *(.jcr)

.data.rel.ro
 *(.data.rel.ro.local* .gnu.linkonce.d.rel.ro.local.*)
 *(.data.rel.ro .data.rel.ro.* .gnu.linkonce.d.rel.ro.*)

.dynamic
 *(.dynamic)

.got            0xc0003ff4        0x0
 *(.got)
 .got           0xc0003ff4        0x0 middleware/main.o
 *(.igot)
                0xc0003ff4                        . = DATA_SEGMENT_RELRO_END (., (SIZEOF (.got.plt) >= 0xc)?0xc:0x0)

.got.plt        0xc0003ff4        0xc
 *(.got.plt)
 .got.plt       0xc0003ff4        0xc middleware/main.o
                0xc0003ff4                _GLOBAL_OFFSET_TABLE_
 *(.igot.plt)
 .igot.plt      0xc0004000        0x0 middleware/main.o

.data           0xc0004000       0xae
 *(.data .data.* .gnu.linkonce.d.*)
 .data          0xc0004000        0x0 middleware/main.o
 .data          0xc0004000        0x0 middleware/init.o
 .data          0xc0004000        0x0 middleware/ccos_print.o
 .data          0xc0004000        0x9 middleware/_ccos_print.o
                0xc0004008                __ccos_internal_style_sheet
 *fill*         0xc0004009        0x3 
 .data          0xc000400c       0xa2 middleware/_interrupt_asm.o
                0xc000402a                asm_intr_vector_table
 .data          0xc00040ae        0x0 middleware/pci.o
 .data          0xc00040ae        0x0 middleware/interrupt.o

.data1
 *(.data1)
                0xc00040ae                        _edata = .
                [!provide]                        PROVIDE (edata = .)
                0xc00040b0                        . = ALIGN (ALIGNOF (NEXT_SECTION))
                0xc00040c0                        __bss_start = .

.bss            0xc00040c0      0x108
 *(.dynbss)
 *(.bss .bss.* .gnu.linkonce.b.*)
 .bss           0xc00040c0        0x0 middleware/main.o
 .bss           0xc00040c0        0x0 middleware/init.o
 .bss           0xc00040c0        0x0 middleware/ccos_print.o
 .bss           0xc00040c0        0x0 middleware/pci.o
 .bss           0xc00040c0      0x108 middleware/interrupt.o
 *(COMMON)
                0xc00041c8                        . = ALIGN ((. != 0x0)?0x4:0x1)
                0xc00041c8                        . = ALIGN (0x4)
                0xc00041c8                        . = SEGMENT_START ("ldata-segment", .)
                0xc00041c8                        . = ALIGN (0x4)
                0xc00041c8                        _end = .
                [!provide]                        PROVIDE (end = .)
                0xc00041c8                        . = DATA_SEGMENT_END (.)

.stab
 *(.stab)

.stabstr
 *(.stabstr)

.stab.excl
 *(.stab.excl)

.stab.exclstr
 *(.stab.exclstr)

.stab.index
 *(.stab.index)

.stab.indexstr
 *(.stab.indexstr)

.comment        0x00000000       0x2b
 *(.comment)
 .comment       0x00000000       0x2b middleware/main.o
                                 0x2c (size before relaxing)
 .comment       0x0000002b       0x2c middleware/init.o
 .comment       0x0000002b       0x2c middleware/ccos_print.o
 .comment       0x0000002b       0x2c middleware/pci.o
 .comment       0x0000002b       0x2c middleware/interrupt.o

.gnu.build.attributes
 *(.gnu.build.attributes .gnu.build.attributes.*)

.debug
 *(.debug)

.line
 *(.line)

.debug_srcinfo
 *(.debug_srcinfo)

.debug_sfnames
 *(.debug_sfnames)

.debug_aranges
 *(.debug_aranges)

.debug_pubnames
 *(.debug_pubnames)

.debug_info
 *(.debug_info .gnu.linkonce.wi.*)

.debug_abbrev
 *(.debug_abbrev)

.debug_line
 *(.debug_line .debug_line.* .debug_line_end)

.debug_frame
 *(.debug_frame)

.debug_str
 *(.debug_str)

.debug_loc
 *(.debug_loc)

.debug_macinfo
 *(.debug_macinfo)

.debug_weaknames
 *(.debug_weaknames)

.debug_funcnames
 *(.debug_funcnames)

.debug_typenames
 *(.debug_typenames)

.debug_varnames
 *(.debug_varnames)

.debug_pubtypes
 *(.debug_pubtypes)

.debug_ranges
 *(.debug_ranges)

.debug_addr
 *(.debug_addr)

.debug_line_str
 *(.debug_line_str)

.debug_loclists
 *(.debug_loclists)

.debug_macro
 *(.debug_macro)

.debug_names
 *(.debug_names)

.debug_rnglists
 *(.debug_rnglists)

.debug_str_offsets
 *(.debug_str_offsets)

.debug_sup
 *(.debug_sup)

.gnu.attributes
 *(.gnu.attributes)

/DISCARD/
 *(.note.GNU-stack)
 *(.gnu_debuglink)
 *(.gnu.lto_*)
OUTPUT(middleware/kernel.bin elf32-i386)
